Atlas      special_valkyrie_railgun   side     r=18 ×1  rdzeń 93tr 276.2s      wyn. 24tr 69.2s       wyniszczenie  (15882 ms)
Atlas      special_valkyrie_railgun   side     r=18 ×2  rdzeń 93tr 276.2s      wyn. 24tr 69.2s       wyniszczenie  (15633 ms)
Atlas      special_valkyrie_railgun   side     r=18 ×3  rdzeń 93tr 276.2s      wyn. 24tr 69.2s       wyniszczenie  (12437 ms)
Atlas      special_valkyrie_railgun   side     r=18 ×4  rdzeń 93tr 276.2s      wyn. 24tr 69.2s       wyniszczenie  (13346 ms)
Atlas      special_valkyrie_railgun   side     r=26 ×1  rdzeń —                wyn. 24tr 69.2s       wyniszczenie  (13621 ms)
Atlas      special_valkyrie_railgun   side     r=26 ×2  rdzeń —                wyn. 24tr 69.2s       wyniszczenie  (14228 ms)
Atlas      special_valkyrie_railgun   side     r=26 ×3  rdzeń —                wyn. 24tr 69.2s       wyniszczenie  (14576 ms)
Atlas      special_valkyrie_railgun   side     r=26 ×4  rdzeń —                wyn. 24tr 69.2s       wyniszczenie  (15920 ms)
Atlas      special_valkyrie_railgun   side     r=36 ×1  rdzeń —                wyn. 24tr 69.2s       wyniszczenie  (16509 ms)
Atlas      special_valkyrie_railgun   side     r=36 ×2  rdzeń —                wyn. 24tr 69.2s       wyniszczenie  (17187 ms)
Atlas      special_valkyrie_railgun   side     r=36 ×3  rdzeń —                wyn. 24tr 69.2s       wyniszczenie  (18070 ms)
Atlas      special_valkyrie_railgun   side     r=36 ×4  rdzeń —                wyn. 24tr 69.2s       wyniszczenie  (17107 ms)
Atlas      special_yamato_cannon      side     r=18 ×1  rdzeń 93tr 150.5s      wyn. 15tr 20.4s       wyniszczenie  (6814 ms)
Atlas      special_yamato_cannon      side     r=18 ×2  rdzeń 83tr 135.4s      wyn. 15tr 20.4s       wyniszczenie  (9690 ms)
Atlas      special_yamato_cannon      side     r=18 ×3  rdzeń 95tr 155.4s      wyn. 15tr 20.4s       wyniszczenie  (6876 ms)
Atlas      special_yamato_cannon      side     r=18 ×4  rdzeń 75tr 120.5s      wyn. 15tr 20.4s       wyniszczenie  (6010 ms)
Atlas      special_yamato_cannon      side     r=26 ×1  rdzeń 131tr 215.4s     wyn. 15tr 20.4s       wyniszczenie  (7137 ms)
Atlas      special_yamato_cannon      side     r=26 ×2  rdzeń 86tr 140.4s      wyn. 15tr 20.4s       wyniszczenie  (6721 ms)
Atlas      special_yamato_cannon      side     r=26 ×3  rdzeń 102tr 165.5s     wyn. 15tr 20.4s       wyniszczenie  (6467 ms)
Atlas      special_yamato_cannon      side     r=26 ×4  rdzeń 97tr 160.3s      wyn. 15tr 20.4s       wyniszczenie  (7009 ms)
Atlas      special_yamato_cannon      side     r=36 ×1  rdzeń 133tr 220.3s     wyn. 15tr 20.4s       wyniszczenie  (8774 ms)
Atlas      special_yamato_cannon      side     r=36 ×2  rdzeń 129tr 210.5s     wyn. 15tr 20.4s       wyniszczenie  (9028 ms)
Atlas      special_yamato_cannon      side     r=36 ×3  rdzeń 129tr 210.5s     wyn. 15tr 20.4s       wyniszczenie  (8633 ms)
Atlas      special_yamato_cannon      side     r=36 ×4  rdzeń 123tr 200.5s     wyn. 15tr 20.4s       wyniszczenie  (7904 ms)
Atlas      beam_pulse                 side     r=18 ×1  rdzeń 444tr 288.0s     wyn. 267tr 172.9s     wyniszczenie  (40304 ms)
Atlas      beam_pulse                 side     r=18 ×2  rdzeń —                wyn. 267tr 172.9s     wyniszczenie  (40087 ms)
Atlas      beam_pulse                 side     r=18 ×3  rdzeń —                wyn. 267tr 172.9s     wyniszczenie  (31881 ms)
Atlas      beam_pulse                 side     r=18 ×4  rdzeń —                wyn. 267tr 172.9s     wyniszczenie  (37297 ms)
Atlas      beam_pulse                 side     r=26 ×1  rdzeń —                wyn. 267tr 172.9s     wyniszczenie  (34403 ms)
Atlas      beam_pulse                 side     r=26 ×2  rdzeń —                wyn. 267tr 172.9s     wyniszczenie  (35832 ms)
Atlas      beam_pulse                 side     r=26 ×3  rdzeń —                wyn. 267tr 172.9s     wyniszczenie  (35916 ms)
Atlas      beam_pulse                 side     r=26 ×4  rdzeń —                wyn. 267tr 172.9s     wyniszczenie  (35928 ms)
Atlas      beam_pulse                 side     r=36 ×1  rdzeń —                wyn. 267tr 172.9s     wyniszczenie  (34740 ms)
Atlas      beam_pulse                 side     r=36 ×2  rdzeń —                wyn. 267tr 172.9s     wyniszczenie  (42918 ms)
Atlas      beam_pulse                 side     r=36 ×3  rdzeń —                wyn. 267tr 172.9s     wyniszczenie  (38386 ms)
Atlas      beam_pulse                 side     r=36 ×4  rdzeń —                wyn. 267tr 172.9s     wyniszczenie  (33819 ms)
Bellator   special_valkyrie_railgun   side     r=18 ×1  rdzeń 52tr 153.2s      wyn. 24tr 69.2s       wyniszczenie  (2374 ms)
Bellator   special_valkyrie_railgun   side     r=18 ×2  rdzeń 52tr 153.2s      wyn. 24tr 69.2s       wyniszczenie  (2655 ms)
Bellator   special_valkyrie_railgun   side     r=18 ×3  rdzeń 50tr 147.3s      wyn. 24tr 69.2s       wyniszczenie  (2376 ms)
Bellator   special_valkyrie_railgun   side     r=18 ×4  rdzeń 50tr 147.3s      wyn. 24tr 69.2s       wyniszczenie  (2254 ms)
Bellator   special_valkyrie_railgun   side     r=26 ×1  rdzeń 69tr 204.2s      wyn. 24tr 69.2s       wyniszczenie  (2265 ms)
Bellator   special_valkyrie_railgun   side     r=26 ×2  rdzeń 69tr 204.2s      wyn. 24tr 69.2s       wyniszczenie  (2283 ms)
Bellator   special_valkyrie_railgun   side     r=26 ×3  rdzeń 69tr 204.2s      wyn. 24tr 69.2s       wyniszczenie  (2402 ms)
Bellator   special_valkyrie_railgun   side     r=26 ×4  rdzeń 69tr 204.2s      wyn. 24tr 69.2s       wyniszczenie  (2363 ms)
Bellator   special_valkyrie_railgun   side     r=36 ×1  rdzeń 90tr 267.2s      wyn. 24tr 69.2s       wyniszczenie  (4416 ms)
Bellator   special_valkyrie_railgun   side     r=36 ×2  rdzeń 86tr 255.2s      wyn. 24tr 69.2s       wyniszczenie  (4193 ms)
Bellator   special_valkyrie_railgun   side     r=36 ×3  rdzeń 80tr 237.2s      wyn. 24tr 69.2s       wyniszczenie  (3147 ms)
Bellator   special_valkyrie_railgun   side     r=36 ×4  rdzeń 90tr 267.2s      wyn. 24tr 69.2s       wyniszczenie  (4316 ms)
Bellator   special_yamato_cannon      side     r=18 ×1  rdzeń 88tr 145.3s      wyn. 15tr 20.4s       wyniszczenie  (1803 ms)
Bellator   special_yamato_cannon      side     r=18 ×2  rdzeń —                wyn. 15tr 20.4s       wyniszczenie  (2357 ms)
Bellator   special_yamato_cannon      side     r=18 ×3  rdzeń —                wyn. 15tr 20.4s       wyniszczenie  (2306 ms)
Bellator   special_yamato_cannon      side     r=18 ×4  rdzeń —                wyn. 15tr 20.4s       wyniszczenie  (2254 ms)
Bellator   special_yamato_cannon      side     r=26 ×1  rdzeń 66tr 105.5s      wyn. 15tr 20.4s       wyniszczenie  (1798 ms)
Bellator   special_yamato_cannon      side     r=26 ×2  rdzeń 66tr 105.5s      wyn. 15tr 20.4s       wyniszczenie  (1813 ms)
Bellator   special_yamato_cannon      side     r=26 ×3  rdzeń 66tr 105.5s      wyn. 15tr 20.4s       wyniszczenie  (1795 ms)
Bellator   special_yamato_cannon      side     r=26 ×4  rdzeń 66tr 105.5s      wyn. 15tr 20.4s       wyniszczenie  (1826 ms)
Bellator   special_yamato_cannon      side     r=36 ×1  rdzeń 75tr 120.5s      wyn. 15tr 20.4s       wyniszczenie  (1986 ms)
Bellator   special_yamato_cannon      side     r=36 ×2  rdzeń 78tr 125.5s      wyn. 15tr 20.4s       wyniszczenie  (2038 ms)
Bellator   special_yamato_cannon      side     r=36 ×3  rdzeń 75tr 120.5s      wyn. 15tr 20.4s       wyniszczenie  (2038 ms)
Bellator   special_yamato_cannon      side     r=36 ×4  rdzeń 66tr 105.5s      wyn. 15tr 20.4s       wyniszczenie  (1764 ms)
Bellator   beam_pulse                 side     r=18 ×1  rdzeń 258tr 167.1s     wyn. 267tr 172.7s     rdzeń  (5477 ms)
Bellator   beam_pulse                 side     r=18 ×2  rdzeń 285tr 184.6s     wyn. 267tr 172.9s     wyniszczenie  (6350 ms)
Bellator   beam_pulse                 side     r=18 ×3  rdzeń 303tr 196.3s     wyn. 267tr 172.9s     wyniszczenie  (6961 ms)
Bellator   beam_pulse                 side     r=18 ×4  rdzeń 328tr 212.6s     wyn. 267tr 172.9s     wyniszczenie  (9635 ms)
Bellator   beam_pulse                 side     r=26 ×1  rdzeń 337tr 218.4s     wyn. 267tr 172.9s     wyniszczenie  (7662 ms)
Bellator   beam_pulse                 side     r=26 ×2  rdzeń 396tr 256.8s     wyn. 267tr 172.9s     wyniszczenie  (9306 ms)
Bellator   beam_pulse                 side     r=26 ×3  rdzeń 431tr 279.5s     wyn. 267tr 172.9s     wyniszczenie  (10847 ms)
Bellator   beam_pulse                 side     r=26 ×4  rdzeń —                wyn. 267tr 172.9s     wyniszczenie  (11901 ms)
Bellator   beam_pulse                 side     r=36 ×1  rdzeń 456tr 295.8s     wyn. 267tr 172.9s     wyniszczenie  (9800 ms)
Bellator   beam_pulse                 side     r=36 ×2  rdzeń —                wyn. 267tr 172.9s     wyniszczenie  (10157 ms)
Bellator   beam_pulse                 side     r=36 ×3  rdzeń —                wyn. 267tr 172.9s     wyniszczenie  (9865 ms)
Bellator   beam_pulse                 side     r=36 ×4  rdzeń —                wyn. 267tr 172.9s     wyniszczenie  (9669 ms)
Iron Skull special_valkyrie_railgun   side     r=18 ×1  rdzeń 47tr 138.2s      wyn. 24tr 69.2s       wyniszczenie  (2044 ms)
Iron Skull special_valkyrie_railgun   side     r=18 ×2  rdzeń 48tr 141.2s      wyn. 24tr 69.2s       wyniszczenie  (2027 ms)
Iron Skull special_valkyrie_railgun   side     r=18 ×3  rdzeń 48tr 141.2s      wyn. 24tr 69.2s       wyniszczenie  (2072 ms)
Iron Skull special_valkyrie_railgun   side     r=18 ×4  rdzeń 48tr 141.2s      wyn. 24tr 69.2s       wyniszczenie  (1936 ms)
Iron Skull special_valkyrie_railgun   side     r=26 ×1  rdzeń 61tr 180.2s      wyn. 24tr 69.2s       wyniszczenie  (2938 ms)
Iron Skull special_valkyrie_railgun   side     r=26 ×2  rdzeń 61tr 180.2s      wyn. 24tr 69.2s       wyniszczenie  (2984 ms)
Iron Skull special_valkyrie_railgun   side     r=26 ×3  rdzeń 61tr 180.3s      wyn. 24tr 69.2s       wyniszczenie  (2923 ms)
Iron Skull special_valkyrie_railgun   side     r=26 ×4  rdzeń 61tr 180.3s      wyn. 24tr 69.2s       wyniszczenie  (3005 ms)
Iron Skull special_valkyrie_railgun   side     r=36 ×1  rdzeń 72tr 213.2s      wyn. 24tr 69.2s       wyniszczenie  (3565 ms)
Iron Skull special_valkyrie_railgun   side     r=36 ×2  rdzeń 72tr 213.2s      wyn. 24tr 69.2s       wyniszczenie  (3494 ms)
Iron Skull special_valkyrie_railgun   side     r=36 ×3  rdzeń 75tr 222.2s      wyn. 24tr 69.2s       wyniszczenie  (3480 ms)
Iron Skull special_valkyrie_railgun   side     r=36 ×4  rdzeń 73tr 216.2s      wyn. 24tr 69.2s       wyniszczenie  (3269 ms)
Iron Skull special_yamato_cannon      side     r=18 ×1  rdzeń 36tr 55.5s       wyn. 15tr 20.4s       wyniszczenie  (849 ms)
Iron Skull special_yamato_cannon      side     r=18 ×2  rdzeń 36tr 55.5s       wyn. 15tr 20.4s       wyniszczenie  (851 ms)
Iron Skull special_yamato_cannon      side     r=18 ×3  rdzeń 43tr 70.3s       wyn. 15tr 20.4s       wyniszczenie  (1039 ms)
Iron Skull special_yamato_cannon      side     r=18 ×4  rdzeń 36tr 55.5s       wyn. 15tr 20.4s       wyniszczenie  (759 ms)
Iron Skull special_yamato_cannon      side     r=26 ×1  rdzeń —                wyn. 15tr 30.3s       wyniszczenie  (2068 ms)
Iron Skull special_yamato_cannon      side     r=26 ×2  rdzeń —                wyn. 15tr 30.3s       wyniszczenie  (1985 ms)
Iron Skull special_yamato_cannon      side     r=26 ×3  rdzeń —                wyn. 15tr 30.3s       wyniszczenie  (2038 ms)
Iron Skull special_yamato_cannon      side     r=26 ×4  rdzeń —                wyn. 15tr 30.3s       wyniszczenie  (1964 ms)
Iron Skull special_yamato_cannon      side     r=36 ×1  rdzeń 63tr 100.5s      wyn. 15tr 20.4s       wyniszczenie  (1410 ms)
Iron Skull special_yamato_cannon      side     r=36 ×2  rdzeń 63tr 100.5s      wyn. 15tr 20.4s       wyniszczenie  (1423 ms)
Iron Skull special_yamato_cannon      side     r=36 ×3  rdzeń 64tr 105.3s      wyn. 15tr 20.4s       wyniszczenie  (1462 ms)
Iron Skull special_yamato_cannon      side     r=36 ×4  rdzeń 65tr 105.4s      wyn. 15tr 20.4s       wyniszczenie  (1537 ms)
Iron Skull beam_pulse                 side     r=18 ×1  rdzeń 340tr 220.4s     wyn. 267tr 172.9s     wyniszczenie  (5501 ms)
Iron Skull beam_pulse                 side     r=18 ×2  rdzeń 367tr 237.9s     wyn. 267tr 172.9s     wyniszczenie  (5701 ms)
Iron Skull beam_pulse                 side     r=18 ×3  rdzeń 387tr 250.9s     wyn. 267tr 172.9s     wyniszczenie  (6336 ms)
Iron Skull beam_pulse                 side     r=18 ×4  rdzeń 410tr 265.9s     wyn. 267tr 172.9s     wyniszczenie  (6746 ms)
Iron Skull beam_pulse                 side     r=26 ×1  rdzeń 361tr 234.0s     wyn. 267tr 172.9s     wyniszczenie  (6627 ms)
Iron Skull beam_pulse                 side     r=26 ×2  rdzeń 410tr 265.9s     wyn. 267tr 172.9s     wyniszczenie  (7601 ms)
Iron Skull beam_pulse                 side     r=26 ×3  rdzeń —                wyn. 267tr 172.9s     wyniszczenie  (8695 ms)
Iron Skull beam_pulse                 side     r=26 ×4  rdzeń —                wyn. 267tr 172.9s     wyniszczenie  (8359 ms)
Iron Skull beam_pulse                 side     r=36 ×1  rdzeń —                wyn. 267tr 172.9s     wyniszczenie  (8326 ms)
Iron Skull beam_pulse                 side     r=36 ×2  rdzeń —                wyn. 267tr 172.9s     wyniszczenie  (8330 ms)
Iron Skull beam_pulse                 side     r=36 ×3  rdzeń —                wyn. 267tr 172.9s     wyniszczenie  (8632 ms)
Iron Skull beam_pulse                 side     r=36 ×4  rdzeń —                wyn. 267tr 172.9s     wyniszczenie  (8415 ms)

Zapisano .tmp/rdzen/bench-sens-containment.md (108 przypadków, 1024.0 s)
