Bellator   special_valkyrie_railgun   side     r=26 ×3  rdzeń 71tr 210.2s      wyn. 24tr 69.2s       wyniszczenie  (2861 ms)
Bellator   special_valkyrie_railgun   side     r=26 ×3  rdzeń 66tr 195.2s      wyn. 24tr 69.2s       wyniszczenie  (2429 ms)
Bellator   special_valkyrie_railgun   side     r=26 ×3  rdzeń 77tr 228.2s      wyn. 24tr 69.2s       wyniszczenie  (2931 ms)
Bellator   special_valkyrie_railgun   side     r=26 ×3  rdzeń 71tr 210.2s      wyn. 24tr 69.2s       wyniszczenie  (3419 ms)
Bellator   special_valkyrie_railgun   side     r=26 ×3  rdzeń 74tr 219.2s      wyn. 24tr 69.2s       wyniszczenie  (3014 ms)
Bellator   special_valkyrie_railgun   side     r=26 ×3  rdzeń 57tr 168.2s      wyn. 24tr 69.2s       wyniszczenie  (2152 ms)
Bellator   special_valkyrie_railgun   stern    r=26 ×3  rdzeń 55tr 162.2s      wyn. 24tr 69.2s       wyniszczenie  (2978 ms)
Bellator   special_valkyrie_railgun   stern    r=26 ×3  rdzeń 44tr 129.2s      wyn. 24tr 69.2s       wyniszczenie  (2474 ms)
Bellator   special_valkyrie_railgun   stern    r=26 ×3  rdzeń 55tr 162.2s      wyn. 24tr 69.2s       wyniszczenie  (3164 ms)
Bellator   special_valkyrie_railgun   stern    r=26 ×3  rdzeń 54tr 159.2s      wyn. 24tr 69.2s       wyniszczenie  (3029 ms)
Bellator   special_valkyrie_railgun   stern    r=26 ×3  rdzeń 53tr 156.2s      wyn. 24tr 69.2s       wyniszczenie  (3040 ms)
Bellator   special_valkyrie_railgun   stern    r=26 ×3  rdzeń 48tr 141.2s      wyn. 24tr 69.2s       wyniszczenie  (2745 ms)
Bellator   special_yamato_cannon      side     r=26 ×3  rdzeń 67tr 110.3s      wyn. 15tr 20.4s       wyniszczenie  (1947 ms)
Bellator   special_yamato_cannon      side     r=26 ×3  rdzeń 72tr 115.5s      wyn. 15tr 20.4s       wyniszczenie  (1730 ms)
Bellator   special_yamato_cannon      side     r=26 ×3  rdzeń 73tr 120.3s      wyn. 15tr 20.4s       wyniszczenie  (1869 ms)
Bellator   special_yamato_cannon      side     r=26 ×3  rdzeń 82tr 135.3s      wyn. 15tr 20.4s       wyniszczenie  (1725 ms)
Bellator   special_yamato_cannon      side     r=26 ×3  rdzeń 78tr 125.5s      wyn. 15tr 20.4s       wyniszczenie  (1887 ms)
Bellator   special_yamato_cannon      side     r=26 ×3  rdzeń 66tr 105.5s      wyn. 15tr 20.4s       wyniszczenie  (1871 ms)
Bellator   special_yamato_cannon      stern    r=26 ×3  rdzeń 54tr 85.5s       wyn. 15tr 20.4s       wyniszczenie  (1429 ms)
Bellator   special_yamato_cannon      stern    r=26 ×3  rdzeń 46tr 75.3s       wyn. 15tr 20.4s       wyniszczenie  (1045 ms)
Bellator   special_yamato_cannon      stern    r=26 ×3  rdzeń 48tr 75.5s       wyn. 15tr 20.4s       wyniszczenie  (1258 ms)
Bellator   special_yamato_cannon      stern    r=26 ×3  rdzeń 56tr 90.4s       wyn. 15tr 20.4s       wyniszczenie  (1534 ms)
Bellator   special_yamato_cannon      stern    r=26 ×3  rdzeń 52tr 85.3s       wyn. 15tr 20.4s       wyniszczenie  (1352 ms)
Bellator   special_yamato_cannon      stern    r=26 ×3  rdzeń 47tr 75.4s       wyn. 15tr 20.4s       wyniszczenie  (1144 ms)
Iron Skull special_valkyrie_railgun   side     r=26 ×3  rdzeń 66tr 195.2s      wyn. 24tr 69.2s       wyniszczenie  (3343 ms)
Iron Skull special_valkyrie_railgun   side     r=26 ×3  rdzeń 66tr 195.2s      wyn. 24tr 69.2s       wyniszczenie  (3239 ms)
Iron Skull special_valkyrie_railgun   side     r=26 ×3  rdzeń 66tr 195.2s      wyn. 24tr 69.2s       wyniszczenie  (3359 ms)
Iron Skull special_valkyrie_railgun   side     r=26 ×3  rdzeń 73tr 216.2s      wyn. 24tr 69.2s       wyniszczenie  (3266 ms)
Iron Skull special_valkyrie_railgun   side     r=26 ×3  rdzeń 71tr 210.2s      wyn. 24tr 69.2s       wyniszczenie  (3143 ms)
Iron Skull special_valkyrie_railgun   side     r=26 ×3  rdzeń 67tr 198.2s      wyn. 24tr 69.2s       wyniszczenie  (3212 ms)
Iron Skull special_valkyrie_railgun   stern    r=26 ×3  rdzeń 56tr 165.2s      wyn. 24tr 69.2s       wyniszczenie  (2408 ms)
Iron Skull special_valkyrie_railgun   stern    r=26 ×3  rdzeń 46tr 135.2s      wyn. 24tr 69.2s       wyniszczenie  (2228 ms)
Iron Skull special_valkyrie_railgun   stern    r=26 ×3  rdzeń 50tr 147.2s      wyn. 24tr 69.2s       wyniszczenie  (2468 ms)
Iron Skull special_valkyrie_railgun   stern    r=26 ×3  rdzeń 55tr 162.2s      wyn. 24tr 69.2s       wyniszczenie  (3151 ms)
Iron Skull special_valkyrie_railgun   stern    r=26 ×3  rdzeń 53tr 156.2s      wyn. 24tr 69.2s       wyniszczenie  (2443 ms)
Iron Skull special_valkyrie_railgun   stern    r=26 ×3  rdzeń 66tr 195.2s      wyn. 24tr 69.2s       wyniszczenie  (2791 ms)
Iron Skull special_yamato_cannon      side     r=26 ×3  rdzeń 82tr 135.3s      wyn. 15tr 20.4s       wyniszczenie  (1894 ms)
Iron Skull special_yamato_cannon      side     r=26 ×3  rdzeń 76tr 125.3s      wyn. 15tr 20.4s       wyniszczenie  (1811 ms)
Iron Skull special_yamato_cannon      side     r=26 ×3  rdzeń 67tr 110.3s      wyn. 15tr 20.4s       wyniszczenie  (1493 ms)
Iron Skull special_yamato_cannon      side     r=26 ×3  rdzeń 72tr 115.5s      wyn. 15tr 20.4s       wyniszczenie  (1519 ms)
Iron Skull special_yamato_cannon      side     r=26 ×3  rdzeń 72tr 115.5s      wyn. 15tr 20.4s       wyniszczenie  (1436 ms)
Iron Skull special_yamato_cannon      side     r=26 ×3  rdzeń 77tr 125.4s      wyn. 15tr 20.4s       wyniszczenie  (1661 ms)
Iron Skull special_yamato_cannon      stern    r=26 ×3  rdzeń 63tr 100.5s      wyn. 15tr 20.4s       wyniszczenie  (1479 ms)
Iron Skull special_yamato_cannon      stern    r=26 ×3  rdzeń 58tr 95.3s       wyn. 15tr 20.4s       wyniszczenie  (1319 ms)
Iron Skull special_yamato_cannon      stern    r=26 ×3  rdzeń 68tr 110.4s      wyn. 15tr 20.4s       wyniszczenie  (1656 ms)
Iron Skull special_yamato_cannon      stern    r=26 ×3  rdzeń 51tr 80.5s       wyn. 15tr 20.4s       wyniszczenie  (1168 ms)
Iron Skull special_yamato_cannon      stern    r=26 ×3  rdzeń 55tr 90.3s       wyn. 15tr 20.4s       wyniszczenie  (1272 ms)
Iron Skull special_yamato_cannon      stern    r=26 ×3  rdzeń 58tr 95.3s       wyn. 15tr 20.4s       wyniszczenie  (1396 ms)
| kadłub | broń | kierunek | STOPIENIE osiągnięte | trafień min / mediana / max | wszystkie |
|---|---|---|---:|---|---|
| Bellator | special_valkyrie_railgun | side | 6/6 | 57 / 71 / 77 | 71, 66, 77, 71, 74, 57 |
| Bellator | special_valkyrie_railgun | stern | 6/6 | 44 / 53 / 55 | 55, 44, 55, 54, 53, 48 |
| Bellator | special_yamato_cannon | side | 6/6 | 66 / 72 / 82 | 67, 72, 73, 82, 78, 66 |
| Bellator | special_yamato_cannon | stern | 6/6 | 46 / 48 / 56 | 54, 46, 48, 56, 52, 47 |
| Iron Skull | special_valkyrie_railgun | side | 6/6 | 66 / 66 / 73 | 66, 66, 66, 73, 71, 67 |
| Iron Skull | special_valkyrie_railgun | stern | 6/6 | 46 / 53 / 66 | 56, 46, 50, 55, 53, 66 |
| Iron Skull | special_yamato_cannon | side | 6/6 | 67 / 72 / 82 | 82, 76, 67, 72, 72, 77 |
| Iron Skull | special_yamato_cannon | stern | 6/6 | 51 / 58 / 68 | 63, 58, 68, 51, 55, 58 |

Zapisano .tmp/rdzen/bench-seeds-containment.md (48 przypadków, 106.2 s)
