Atlas      special_valkyrie_railgun   bow      r=27 ×3  rdzeń —                wyn. 24tr 69.1s       wyniszczenie  (14276 ms)
Atlas      special_valkyrie_railgun   oblique  r=27 ×3  rdzeń —                wyn. 24tr 69.2s       wyniszczenie  (12573 ms)
Atlas      special_valkyrie_railgun   side     r=27 ×3  rdzeń —                wyn. 24tr 69.2s       wyniszczenie  (21414 ms)
Atlas      special_valkyrie_railgun   stern    r=27 ×3  rdzeń —                wyn. 24tr 69.1s       wyniszczenie  (13614 ms)
Atlas      special_yamato_cannon      bow      r=27 ×3  rdzeń —                wyn. 15tr 20.3s       wyniszczenie  (17064 ms)
Atlas      special_yamato_cannon      oblique  r=27 ×3  rdzeń 153tr 250.6s     wyn. 15tr 20.4s       wyniszczenie  (12962 ms)
Atlas      special_yamato_cannon      side     r=27 ×3  rdzeń 123tr 200.7s     wyn. 15tr 20.4s       wyniszczenie  (12095 ms)
Atlas      special_yamato_cannon      stern    r=27 ×3  rdzeń 180tr 295.6s     wyn. 15tr 20.4s       wyniszczenie  (15602 ms)
Atlas      beam_pulse                 bow      r=27 ×3  rdzeń —                wyn. 267tr 172.9s     wyniszczenie  (45579 ms)
Atlas      beam_pulse                 oblique  r=27 ×3  rdzeń —                wyn. 267tr 172.9s     wyniszczenie  (42503 ms)
Atlas      beam_pulse                 side     r=27 ×3  rdzeń —                wyn. 267tr 172.9s     wyniszczenie  (44860 ms)
Atlas      beam_pulse                 stern    r=27 ×3  rdzeń —                wyn. 267tr 172.9s     wyniszczenie  (56159 ms)
Atlas      beam_continuous            bow      r=27 ×3  rdzeń 5883tr 294.1s    wyn. 1500tr 75.0s     wyniszczenie  (103434 ms)
Atlas      beam_continuous            oblique  r=27 ×3  rdzeń 1661tr 83.0s     wyn. 1500tr 75.0s     wyniszczenie  (16495 ms)
Atlas      beam_continuous            side     r=27 ×3  rdzeń 1831tr 91.5s     wyn. 1500tr 75.0s     wyniszczenie  (17723 ms)
Atlas      beam_continuous            stern    r=27 ×3  rdzeń 2775tr 138.7s    wyn. 1500tr 75.0s     wyniszczenie  (30467 ms)
Bellator   special_valkyrie_railgun   bow      r=26 ×3  rdzeń —                wyn. 24tr 69.2s       wyniszczenie  (5054 ms)
Bellator   special_valkyrie_railgun   oblique  r=26 ×3  rdzeń 93tr 276.4s      wyn. 24tr 69.2s       wyniszczenie  (4476 ms)
Bellator   special_valkyrie_railgun   side     r=26 ×3  rdzeń 56tr 165.4s      wyn. 24tr 69.2s       wyniszczenie  (1926 ms)
Bellator   special_valkyrie_railgun   stern    r=26 ×3  rdzeń 41tr 120.5s      wyn. 24tr 69.2s       wyniszczenie  (2227 ms)
Bellator   special_yamato_cannon      bow      r=26 ×3  rdzeń 171tr 280.6s     wyn. 15tr 20.4s       wyniszczenie  (4473 ms)
Bellator   special_yamato_cannon      oblique  r=26 ×3  rdzeń 117tr 195.5s     wyn. 15tr 20.4s       wyniszczenie  (3400 ms)
Bellator   special_yamato_cannon      side     r=26 ×3  rdzeń 69tr 110.7s      wyn. 15tr 20.4s       wyniszczenie  (1705 ms)
Bellator   special_yamato_cannon      stern    r=26 ×3  rdzeń 45tr 70.5s       wyn. 15tr 20.4s       wyniszczenie  (1318 ms)
Bellator   beam_pulse                 bow      r=26 ×3  rdzeń —                wyn. 267tr 172.9s     wyniszczenie  (16165 ms)
Bellator   beam_pulse                 oblique  r=26 ×3  rdzeń —                wyn. 267tr 172.9s     wyniszczenie  (15188 ms)
Bellator   beam_pulse                 side     r=26 ×3  rdzeń 369tr 239.4s     wyn. 267tr 172.9s     wyniszczenie  (11101 ms)
Bellator   beam_pulse                 stern    r=26 ×3  rdzeń 306tr 198.5s     wyn. 267tr 172.9s     wyniszczenie  (9640 ms)
Bellator   beam_continuous            bow      r=26 ×3  rdzeń 2673tr 133.6s    wyn. 1500tr 75.0s     wyniszczenie  (8453 ms)
Bellator   beam_continuous            oblique  r=26 ×3  rdzeń 1241tr 62.0s     wyn. 1500tr 75.0s     rdzeń  (5096 ms)
Bellator   beam_continuous            side     r=26 ×3  rdzeń 979tr 48.9s      wyn. 1500tr 75.0s     rdzeń  (3479 ms)
Bellator   beam_continuous            stern    r=26 ×3  rdzeń 815tr 40.7s      wyn. 1500tr 75.0s     rdzeń  (2885 ms)
