Bellator   special_valkyrie_railgun   side     r=26 ×3  rdzeń 71tr 210.2s      wyn. 24tr 69.2s       wyniszczenie  (2554 ms)
Bellator   special_valkyrie_railgun   side     r=26 ×3  rdzeń 69tr 204.2s      wyn. 24tr 69.2s       wyniszczenie  (2328 ms)
Bellator   special_valkyrie_railgun   side     r=26 ×3  rdzeń 72tr 213.2s      wyn. 24tr 69.2s       wyniszczenie  (2419 ms)
Bellator   special_valkyrie_railgun   side     r=26 ×3  rdzeń 74tr 219.2s      wyn. 24tr 69.2s       wyniszczenie  (2347 ms)
Bellator   special_valkyrie_railgun   side     r=26 ×3  rdzeń 74tr 219.2s      wyn. 24tr 69.2s       wyniszczenie  (2639 ms)
Bellator   special_valkyrie_railgun   side     r=26 ×3  rdzeń 63tr 186.2s      wyn. 24tr 69.2s       wyniszczenie  (3093 ms)
Bellator   special_valkyrie_railgun   stern    r=26 ×3  rdzeń 49tr 144.2s      wyn. 24tr 69.2s       wyniszczenie  (2476 ms)
Bellator   special_valkyrie_railgun   stern    r=26 ×3  rdzeń 38tr 111.2s      wyn. 24tr 69.2s       wyniszczenie  (2137 ms)
Bellator   special_valkyrie_railgun   stern    r=26 ×3  rdzeń 62tr 183.2s      wyn. 24tr 69.2s       wyniszczenie  (3007 ms)
Bellator   special_valkyrie_railgun   stern    r=26 ×3  rdzeń 51tr 150.2s      wyn. 24tr 69.2s       wyniszczenie  (2645 ms)
Bellator   special_valkyrie_railgun   stern    r=26 ×3  rdzeń 47tr 138.2s      wyn. 24tr 69.2s       wyniszczenie  (2361 ms)
Bellator   special_valkyrie_railgun   stern    r=26 ×3  rdzeń 57tr 168.2s      wyn. 24tr 69.2s       wyniszczenie  (2694 ms)
Bellator   special_yamato_cannon      side     r=26 ×3  rdzeń 86tr 140.4s      wyn. 15tr 20.4s       wyniszczenie  (1747 ms)
Bellator   special_yamato_cannon      side     r=26 ×3  rdzeń 51tr 80.5s       wyn. 15tr 20.4s       wyniszczenie  (1349 ms)
Bellator   special_yamato_cannon      side     r=26 ×3  rdzeń 79tr 130.3s      wyn. 15tr 20.4s       wyniszczenie  (1690 ms)
Bellator   special_yamato_cannon      side     r=26 ×3  rdzeń 60tr 95.5s       wyn. 15tr 20.4s       wyniszczenie  (1592 ms)
Bellator   special_yamato_cannon      side     r=26 ×3  rdzeń 41tr 65.4s       wyn. 15tr 20.4s       wyniszczenie  (1120 ms)
Bellator   special_yamato_cannon      side     r=26 ×3  rdzeń 54tr 85.5s       wyn. 15tr 20.4s       wyniszczenie  (1239 ms)
Bellator   special_yamato_cannon      stern    r=26 ×3  rdzeń 42tr 65.5s       wyn. 15tr 20.4s       wyniszczenie  (734 ms)
Bellator   special_yamato_cannon      stern    r=26 ×3  rdzeń 39tr 60.5s       wyn. 15tr 20.4s       wyniszczenie  (818 ms)
Bellator   special_yamato_cannon      stern    r=26 ×3  rdzeń 35tr 55.4s       wyn. 15tr 20.4s       wyniszczenie  (938 ms)
Bellator   special_yamato_cannon      stern    r=26 ×3  rdzeń 44tr 70.4s       wyn. 15tr 20.4s       wyniszczenie  (1169 ms)
Bellator   special_yamato_cannon      stern    r=26 ×3  rdzeń 46tr 75.3s       wyn. 15tr 20.4s       wyniszczenie  (1009 ms)
Bellator   special_yamato_cannon      stern    r=26 ×3  rdzeń 36tr 55.5s       wyn. 15tr 20.4s       wyniszczenie  (906 ms)
Iron Skull special_valkyrie_railgun   side     r=26 ×3  rdzeń 77tr 228.2s      wyn. 24tr 69.2s       wyniszczenie  (3258 ms)
Iron Skull special_valkyrie_railgun   side     r=26 ×3  rdzeń 66tr 195.2s      wyn. 24tr 69.2s       wyniszczenie  (2942 ms)
Iron Skull special_valkyrie_railgun   side     r=26 ×3  rdzeń 73tr 216.2s      wyn. 24tr 69.2s       wyniszczenie  (3110 ms)
Iron Skull special_valkyrie_railgun   side     r=26 ×3  rdzeń 69tr 204.2s      wyn. 24tr 69.2s       wyniszczenie  (2867 ms)
Iron Skull special_valkyrie_railgun   side     r=26 ×3  rdzeń 65tr 192.2s      wyn. 24tr 69.2s       wyniszczenie  (2653 ms)
Iron Skull special_valkyrie_railgun   side     r=26 ×3  rdzeń 67tr 198.2s      wyn. 24tr 69.2s       wyniszczenie  (2957 ms)
Iron Skull special_valkyrie_railgun   stern    r=26 ×3  rdzeń 63tr 186.2s      wyn. 24tr 69.2s       wyniszczenie  (2449 ms)
Iron Skull special_valkyrie_railgun   stern    r=26 ×3  rdzeń 46tr 135.2s      wyn. 24tr 69.2s       wyniszczenie  (1994 ms)
Iron Skull special_valkyrie_railgun   stern    r=26 ×3  rdzeń 55tr 162.2s      wyn. 24tr 69.2s       wyniszczenie  (2359 ms)
Iron Skull special_valkyrie_railgun   stern    r=26 ×3  rdzeń 60tr 177.2s      wyn. 24tr 69.2s       wyniszczenie  (2984 ms)
Iron Skull special_valkyrie_railgun   stern    r=26 ×3  rdzeń 61tr 180.2s      wyn. 24tr 69.2s       wyniszczenie  (2456 ms)
Iron Skull special_valkyrie_railgun   stern    r=26 ×3  rdzeń 61tr 180.2s      wyn. 24tr 69.2s       wyniszczenie  (2236 ms)
Iron Skull special_yamato_cannon      side     r=26 ×3  rdzeń 52tr 85.3s       wyn. 15tr 20.4s       wyniszczenie  (1036 ms)
Iron Skull special_yamato_cannon      side     r=26 ×3  rdzeń 51tr 80.5s       wyn. 15tr 20.4s       wyniszczenie  (1026 ms)
Iron Skull special_yamato_cannon      side     r=26 ×3  rdzeń 68tr 110.4s      wyn. 15tr 20.4s       wyniszczenie  (1439 ms)
Iron Skull special_yamato_cannon      side     r=26 ×3  rdzeń 41tr 65.4s       wyn. 15tr 20.4s       wyniszczenie  (1003 ms)
Iron Skull special_yamato_cannon      side     r=26 ×3  rdzeń 51tr 80.5s       wyn. 15tr 20.4s       wyniszczenie  (1130 ms)
Iron Skull special_yamato_cannon      side     r=26 ×3  rdzeń 59tr 95.4s       wyn. 15tr 20.4s       wyniszczenie  (1335 ms)
Iron Skull special_yamato_cannon      stern    r=26 ×3  rdzeń 34tr 55.3s       wyn. 15tr 20.4s       wyniszczenie  (653 ms)
Iron Skull special_yamato_cannon      stern    r=26 ×3  rdzeń 45tr 70.5s       wyn. 15tr 20.4s       wyniszczenie  (864 ms)
Iron Skull special_yamato_cannon      stern    r=26 ×3  rdzeń 45tr 70.5s       wyn. 15tr 20.4s       wyniszczenie  (936 ms)
Iron Skull special_yamato_cannon      stern    r=26 ×3  rdzeń 47tr 75.4s       wyn. 15tr 20.4s       wyniszczenie  (1060 ms)
Iron Skull special_yamato_cannon      stern    r=26 ×3  rdzeń 48tr 75.5s       wyn. 15tr 20.4s       wyniszczenie  (908 ms)
Iron Skull special_yamato_cannon      stern    r=26 ×3  rdzeń 59tr 95.4s       wyn. 15tr 20.4s       wyniszczenie  (1081 ms)
| kadłub | broń | kierunek | STOPIENIE osiągnięte | trafień min / mediana / max | wszystkie |
|---|---|---|---:|---|---|
| Bellator | special_valkyrie_railgun | side | 6/6 | 63 / 71 / 74 | 71, 69, 72, 74, 74, 63 |
| Bellator | special_valkyrie_railgun | stern | 6/6 | 38 / 49 / 62 | 49, 38, 62, 51, 47, 57 |
| Bellator | special_yamato_cannon | side | 6/6 | 41 / 54 / 86 | 86, 51, 79, 60, 41, 54 |
| Bellator | special_yamato_cannon | stern | 6/6 | 35 / 39 / 46 | 42, 39, 35, 44, 46, 36 |
| Iron Skull | special_valkyrie_railgun | side | 6/6 | 65 / 67 / 77 | 77, 66, 73, 69, 65, 67 |
| Iron Skull | special_valkyrie_railgun | stern | 6/6 | 46 / 60 / 63 | 63, 46, 55, 60, 61, 61 |
| Iron Skull | special_yamato_cannon | side | 6/6 | 41 / 51 / 68 | 52, 51, 68, 41, 51, 59 |
| Iron Skull | special_yamato_cannon | stern | 6/6 | 34 / 45 / 59 | 34, 45, 45, 47, 48, 59 |

Zapisano .tmp/rdzen/bench-seeds-containment.md (48 przypadków, 89.8 s)
