Atlas      vulcan_minigun             bow      r=27 ×3  rdzeń —                wyn. 3000tr 210.3s    wyniszczenie  (57966 ms)
Atlas      vulcan_minigun             oblique  r=27 ×3  rdzeń —                wyn. 3000tr 210.5s    wyniszczenie  (62920 ms)
Atlas      vulcan_minigun             side     r=27 ×3  rdzeń —                wyn. 3000tr 210.5s    wyniszczenie  (53071 ms)
Atlas      vulcan_minigun             stern    r=27 ×3  rdzeń —                wyn. 3000tr 210.5s    wyniszczenie  (66188 ms)
Atlas      heavy_autocannon           bow      r=27 ×3  rdzeń —                wyn. 429tr 214.4s     wyniszczenie  (54600 ms)
Atlas      heavy_autocannon           oblique  r=27 ×3  rdzeń —                wyn. 429tr 214.7s     wyniszczenie  (55814 ms)
Atlas      heavy_autocannon           side     r=27 ×3  rdzeń —                wyn. 429tr 214.8s     wyniszczenie  (49414 ms)
Atlas      heavy_autocannon           stern    r=27 ×3  rdzeń —                wyn. 429tr 214.7s     wyniszczenie  (64605 ms)
Atlas      railgun_mk2                bow      r=27 ×3  rdzeń —                wyn. —                —  (51177 ms)
Atlas      railgun_mk2                oblique  r=27 ×3  rdzeń —                wyn. —                —  (46232 ms)
Atlas      railgun_mk2                side     r=27 ×3  rdzeń —                wyn. —                —  (45346 ms)
Atlas      railgun_mk2                stern    r=27 ×3  rdzeń —                wyn. —                —  (41753 ms)
Atlas      tempest_ion_l              bow      r=27 ×3  rdzeń —                wyn. —                —  (19390 ms)
Atlas      tempest_ion_l              oblique  r=27 ×3  rdzeń —                wyn. —                —  (27825 ms)
Atlas      tempest_ion_l              side     r=27 ×3  rdzeń —                wyn. —                —  (22673 ms)
Atlas      tempest_ion_l              stern    r=27 ×3  rdzeń —                wyn. —                —  (21517 ms)
Atlas      helios_laser               bow      r=27 ×3  rdzeń —                wyn. —                —  (49892 ms)
Atlas      helios_laser               oblique  r=27 ×3  rdzeń —                wyn. —                —  (48687 ms)
Atlas      helios_laser               side     r=27 ×3  rdzeń —                wyn. —                —  (48817 ms)
Atlas      helios_laser               stern    r=27 ×3  rdzeń —                wyn. —                —  (52965 ms)
Atlas      armata_mk1                 bow      r=27 ×3  rdzeń —                wyn. 80tr 198.1s      wyniszczenie  (12256 ms)
Atlas      armata_mk1                 oblique  r=27 ×3  rdzeń —                wyn. 80tr 198.4s      wyniszczenie  (12457 ms)
Atlas      armata_mk1                 side     r=27 ×3  rdzeń —                wyn. 80tr 198.4s      wyniszczenie  (14402 ms)
Atlas      armata_mk1                 stern    r=27 ×3  rdzeń —                wyn. 80tr 198.3s      wyniszczenie  (11832 ms)
Atlas      special_valkyrie_railgun   bow      r=27 ×3  rdzeń —                wyn. 24tr 69.1s       wyniszczenie  (14039 ms)
Atlas      special_valkyrie_railgun   oblique  r=27 ×3  rdzeń —                wyn. 24tr 69.2s       wyniszczenie  (13104 ms)
Atlas      special_valkyrie_railgun   side     r=27 ×3  rdzeń —                wyn. 24tr 69.2s       wyniszczenie  (16167 ms)
Atlas      special_valkyrie_railgun   stern    r=27 ×3  rdzeń —                wyn. 24tr 69.1s       wyniszczenie  (12134 ms)
Atlas      special_yamato_cannon      bow      r=27 ×3  rdzeń —                wyn. 15tr 20.3s       wyniszczenie  (13216 ms)
Atlas      special_yamato_cannon      oblique  r=27 ×3  rdzeń 163tr 270.3s     wyn. 15tr 20.4s       wyniszczenie  (10491 ms)
Atlas      special_yamato_cannon      side     r=27 ×3  rdzeń 145tr 240.3s     wyn. 15tr 20.4s       wyniszczenie  (11024 ms)
Atlas      special_yamato_cannon      stern    r=27 ×3  rdzeń —                wyn. 15tr 20.4s       wyniszczenie  (13598 ms)
Atlas      beam_continuous            bow      r=27 ×3  rdzeń —                wyn. 1500tr 75.0s     wyniszczenie  (57978 ms)
Atlas      beam_continuous            oblique  r=27 ×3  rdzeń 2181tr 109.0s    wyn. 1500tr 75.0s     wyniszczenie  (20862 ms)
Atlas      beam_continuous            side     r=27 ×3  rdzeń 2545tr 127.2s    wyn. 1500tr 75.0s     wyniszczenie  (23816 ms)
Atlas      beam_continuous            stern    r=27 ×3  rdzeń 3465tr 173.2s    wyn. 1500tr 75.0s     wyniszczenie  (32375 ms)
Atlas      beam_pulse                 bow      r=27 ×3  rdzeń —                wyn. 267tr 172.9s     wyniszczenie  (43078 ms)
Atlas      beam_pulse                 oblique  r=27 ×3  rdzeń —                wyn. 267tr 172.9s     wyniszczenie  (44931 ms)
Atlas      beam_pulse                 side     r=27 ×3  rdzeń —                wyn. 267tr 172.9s     wyniszczenie  (44909 ms)
Atlas      beam_pulse                 stern    r=27 ×3  rdzeń —                wyn. 267tr 172.9s     wyniszczenie  (45431 ms)
Atlas      siege_torpedo              bow      r=27 ×3  rdzeń —                wyn. 15tr 170.1s      wyniszczenie  (3354 ms)
Atlas      siege_torpedo              oblique  r=27 ×3  rdzeń —                wyn. 15tr 171.7s      wyniszczenie  (3641 ms)
Atlas      siege_torpedo              side     r=27 ×3  rdzeń —                wyn. 15tr 171.7s      wyniszczenie  (3463 ms)
Atlas      siege_torpedo              stern    r=27 ×3  rdzeń —                wyn. 15tr 171.4s      wyniszczenie  (5563 ms)
Atlas      missile_rack               bow      r=27 ×3  rdzeń —                wyn. 12tr 28.2s       wyniszczenie  (148 ms)
Atlas      missile_rack               oblique  r=27 ×3  rdzeń —                wyn. 12tr 28.3s       wyniszczenie  (151 ms)
Atlas      missile_rack               side     r=27 ×3  rdzeń —                wyn. 12tr 28.5s       wyniszczenie  (142 ms)
Atlas      missile_rack               stern    r=27 ×3  rdzeń —                wyn. 12tr 28.7s       wyniszczenie  (138 ms)
Bellator   vulcan_minigun             bow      r=26 ×3  rdzeń —                wyn. 3000tr 210.5s    wyniszczenie  (14011 ms)
Bellator   vulcan_minigun             oblique  r=26 ×3  rdzeń —                wyn. 3000tr 210.5s    wyniszczenie  (14309 ms)
Bellator   vulcan_minigun             side     r=26 ×3  rdzeń —                wyn. 3000tr 210.5s    wyniszczenie  (13666 ms)
Bellator   vulcan_minigun             stern    r=26 ×3  rdzeń —                wyn. 3000tr 210.6s    wyniszczenie  (14390 ms)
Bellator   heavy_autocannon           bow      r=26 ×3  rdzeń —                wyn. 429tr 214.7s     wyniszczenie  (12619 ms)
Bellator   heavy_autocannon           oblique  r=26 ×3  rdzeń —                wyn. 429tr 214.8s     wyniszczenie  (12891 ms)
Bellator   heavy_autocannon           side     r=26 ×3  rdzeń —                wyn. 429tr 214.8s     wyniszczenie  (11844 ms)
Bellator   heavy_autocannon           stern    r=26 ×3  rdzeń —                wyn. 429tr 214.8s     wyniszczenie  (12451 ms)
Bellator   railgun_mk2                bow      r=26 ×3  rdzeń —                wyn. —                —  (11450 ms)
Bellator   railgun_mk2                oblique  r=26 ×3  rdzeń —                wyn. —                —  (11146 ms)
Bellator   railgun_mk2                side     r=26 ×3  rdzeń —                wyn. —                —  (10632 ms)
Bellator   railgun_mk2                stern    r=26 ×3  rdzeń —                wyn. —                —  (12278 ms)
Bellator   tempest_ion_l              bow      r=26 ×3  rdzeń —                wyn. —                —  (5907 ms)
Bellator   tempest_ion_l              oblique  r=26 ×3  rdzeń —                wyn. —                —  (5908 ms)
Bellator   tempest_ion_l              side     r=26 ×3  rdzeń —                wyn. —                —  (5284 ms)
Bellator   tempest_ion_l              stern    r=26 ×3  rdzeń —                wyn. —                —  (5995 ms)
Bellator   helios_laser               bow      r=26 ×3  rdzeń —                wyn. —                —  (12241 ms)
Bellator   helios_laser               oblique  r=26 ×3  rdzeń —                wyn. —                —  (13435 ms)
Bellator   helios_laser               side     r=26 ×3  rdzeń —                wyn. —                —  (12315 ms)
Bellator   helios_laser               stern    r=26 ×3  rdzeń —                wyn. —                —  (12868 ms)
Bellator   armata_mk1                 bow      r=26 ×3  rdzeń —                wyn. 80tr 198.3s      wyniszczenie  (3317 ms)
Bellator   armata_mk1                 oblique  r=26 ×3  rdzeń —                wyn. 80tr 198.4s      wyniszczenie  (3417 ms)
Bellator   armata_mk1                 side     r=26 ×3  rdzeń —                wyn. 80tr 198.5s      wyniszczenie  (2905 ms)
Bellator   armata_mk1                 stern    r=26 ×3  rdzeń —                wyn. 80tr 198.5s      wyniszczenie  (3187 ms)
Bellator   special_valkyrie_railgun   bow      r=26 ×3  rdzeń —                wyn. 24tr 69.2s       wyniszczenie  (4799 ms)
Bellator   special_valkyrie_railgun   oblique  r=26 ×3  rdzeń —                wyn. 24tr 69.2s       wyniszczenie  (4781 ms)
Bellator   special_valkyrie_railgun   side     r=26 ×3  rdzeń 64tr 189.2s      wyn. 24tr 69.2s       wyniszczenie  (2549 ms)
Bellator   special_valkyrie_railgun   stern    r=26 ×3  rdzeń 49tr 144.2s      wyn. 24tr 69.2s       wyniszczenie  (2941 ms)
Bellator   special_yamato_cannon      bow      r=26 ×3  rdzeń 170tr 285.3s     wyn. 15tr 20.4s       wyniszczenie  (4583 ms)
Bellator   special_yamato_cannon      oblique  r=26 ×3  rdzeń 115tr 190.3s     wyn. 15tr 20.4s       wyniszczenie  (4241 ms)
Bellator   special_yamato_cannon      side     r=26 ×3  rdzeń 73tr 120.3s      wyn. 15tr 20.4s       wyniszczenie  (1732 ms)
Bellator   special_yamato_cannon      stern    r=26 ×3  rdzeń 46tr 75.3s       wyn. 15tr 20.4s       wyniszczenie  (1244 ms)
Bellator   beam_continuous            bow      r=26 ×3  rdzeń 3391tr 169.5s    wyn. 1500tr 75.0s     wyniszczenie  (10246 ms)
Bellator   beam_continuous            oblique  r=26 ×3  rdzeń 1883tr 94.1s     wyn. 1500tr 75.0s     wyniszczenie  (5877 ms)
Bellator   beam_continuous            side     r=26 ×3  rdzeń 1679tr 83.9s     wyn. 1500tr 75.0s     wyniszczenie  (4754 ms)
Bellator   beam_continuous            stern    r=26 ×3  rdzeń 1417tr 70.8s     wyn. 1500tr 75.0s     rdzeń  (4084 ms)
Bellator   beam_pulse                 bow      r=26 ×3  rdzeń —                wyn. 267tr 172.9s     wyniszczenie  (13864 ms)
Bellator   beam_pulse                 oblique  r=26 ×3  rdzeń —                wyn. 267tr 172.9s     wyniszczenie  (14425 ms)
Bellator   beam_pulse                 side     r=26 ×3  rdzeń 423tr 274.3s     wyn. 267tr 172.9s     wyniszczenie  (12431 ms)
Bellator   beam_pulse                 stern    r=26 ×3  rdzeń 329tr 213.2s     wyn. 267tr 172.9s     wyniszczenie  (10366 ms)
Bellator   siege_torpedo              bow      r=26 ×3  rdzeń —                wyn. 15tr 171.4s      wyniszczenie  (1245 ms)
Bellator   siege_torpedo              oblique  r=26 ×3  rdzeń —                wyn. 15tr 171.7s      wyniszczenie  (1084 ms)
Bellator   siege_torpedo              side     r=26 ×3  rdzeń —                wyn. 15tr 171.9s      wyniszczenie  (1026 ms)
Bellator   siege_torpedo              stern    r=26 ×3  rdzeń —                wyn. 15tr 172.0s      wyniszczenie  (1076 ms)
Bellator   missile_rack               bow      r=26 ×3  rdzeń —                wyn. 12tr 28.6s       wyniszczenie  (42 ms)
Bellator   missile_rack               oblique  r=26 ×3  rdzeń —                wyn. 12tr 28.7s       wyniszczenie  (49 ms)
Bellator   missile_rack               side     r=26 ×3  rdzeń —                wyn. 12tr 28.7s       wyniszczenie  (44 ms)
Bellator   missile_rack               stern    r=26 ×3  rdzeń —                wyn. 12tr 28.8s       wyniszczenie  (43 ms)
Iron Skull vulcan_minigun             bow      r=26 ×3  rdzeń —                wyn. 3000tr 210.5s    wyniszczenie  (13750 ms)
Iron Skull vulcan_minigun             oblique  r=26 ×3  rdzeń —                wyn. 3000tr 210.6s    wyniszczenie  (14305 ms)
Iron Skull vulcan_minigun             side     r=26 ×3  rdzeń —                wyn. 3000tr 210.5s    wyniszczenie  (12491 ms)
Iron Skull vulcan_minigun             stern    r=26 ×3  rdzeń —                wyn. 3000tr 210.6s    wyniszczenie  (13454 ms)
Iron Skull heavy_autocannon           bow      r=26 ×3  rdzeń —                wyn. 429tr 214.7s     wyniszczenie  (11982 ms)
Iron Skull heavy_autocannon           oblique  r=26 ×3  rdzeń —                wyn. 429tr 214.8s     wyniszczenie  (12608 ms)
Iron Skull heavy_autocannon           side     r=26 ×3  rdzeń —                wyn. 429tr 214.8s     wyniszczenie  (11724 ms)
Iron Skull heavy_autocannon           stern    r=26 ×3  rdzeń —                wyn. 429tr 214.8s     wyniszczenie  (15521 ms)
Iron Skull railgun_mk2                bow      r=26 ×3  rdzeń —                wyn. —                —  (13150 ms)
Iron Skull railgun_mk2                oblique  r=26 ×3  rdzeń —                wyn. —                —  (12539 ms)
Iron Skull railgun_mk2                side     r=26 ×3  rdzeń —                wyn. —                —  (11672 ms)
Iron Skull railgun_mk2                stern    r=26 ×3  rdzeń —                wyn. —                —  (11925 ms)
Iron Skull tempest_ion_l              bow      r=26 ×3  rdzeń —                wyn. —                —  (6020 ms)
Iron Skull tempest_ion_l              oblique  r=26 ×3  rdzeń —                wyn. —                —  (7366 ms)
Iron Skull tempest_ion_l              side     r=26 ×3  rdzeń —                wyn. —                —  (6222 ms)
Iron Skull tempest_ion_l              stern    r=26 ×3  rdzeń —                wyn. —                —  (7714 ms)
Iron Skull helios_laser               bow      r=26 ×3  rdzeń —                wyn. —                —  (14109 ms)
Iron Skull helios_laser               oblique  r=26 ×3  rdzeń —                wyn. —                —  (15619 ms)
Iron Skull helios_laser               side     r=26 ×3  rdzeń —                wyn. —                —  (12125 ms)
Iron Skull helios_laser               stern    r=26 ×3  rdzeń —                wyn. —                —  (12789 ms)
Iron Skull armata_mk1                 bow      r=26 ×3  rdzeń —                wyn. 80tr 198.4s      wyniszczenie  (3528 ms)
Iron Skull armata_mk1                 oblique  r=26 ×3  rdzeń —                wyn. 80tr 198.4s      wyniszczenie  (3838 ms)
Iron Skull armata_mk1                 side     r=26 ×3  rdzeń —                wyn. 80tr 198.5s      wyniszczenie  (3226 ms)
Iron Skull armata_mk1                 stern    r=26 ×3  rdzeń —                wyn. 80tr 198.5s      wyniszczenie  (3364 ms)
Iron Skull special_valkyrie_railgun   bow      r=26 ×3  rdzeń —                wyn. 24tr 69.2s       wyniszczenie  (7215 ms)
Iron Skull special_valkyrie_railgun   oblique  r=26 ×3  rdzeń 69tr 204.2s      wyn. 24tr 69.2s       wyniszczenie  (4177 ms)
Iron Skull special_valkyrie_railgun   side     r=26 ×3  rdzeń 66tr 195.2s      wyn. 24tr 69.2s       wyniszczenie  (3658 ms)
Iron Skull special_valkyrie_railgun   stern    r=26 ×3  rdzeń 56tr 165.3s      wyn. 24tr 69.2s       wyniszczenie  (2915 ms)
Iron Skull special_yamato_cannon      bow      r=26 ×3  rdzeń 157tr 260.5s     wyn. 15tr 20.4s       wyniszczenie  (3898 ms)
Iron Skull special_yamato_cannon      oblique  r=26 ×3  rdzeń 79tr 130.3s      wyn. 15tr 20.4s       wyniszczenie  (2145 ms)
Iron Skull special_yamato_cannon      side     r=26 ×3  rdzeń 66tr 105.5s      wyn. 15tr 20.4s       wyniszczenie  (1710 ms)
Iron Skull special_yamato_cannon      stern    r=26 ×3  rdzeń 49tr 80.3s       wyn. 15tr 20.4s       wyniszczenie  (1301 ms)
Iron Skull beam_continuous            bow      r=26 ×3  rdzeń 3063tr 153.1s    wyn. 1500tr 75.0s     wyniszczenie  (7817 ms)
Iron Skull beam_continuous            oblique  r=26 ×3  rdzeń 1291tr 64.5s     wyn. 1500tr 75.0s     rdzeń  (3681 ms)
Iron Skull beam_continuous            side     r=26 ×3  rdzeń 1817tr 90.8s     wyn. 1500tr 75.0s     wyniszczenie  (4908 ms)
Iron Skull beam_continuous            stern    r=26 ×3  rdzeń 1613tr 80.6s     wyn. 1500tr 75.0s     wyniszczenie  (3768 ms)
Iron Skull beam_pulse                 bow      r=26 ×3  rdzeń —                wyn. 267tr 172.9s     wyniszczenie  (12443 ms)
Iron Skull beam_pulse                 oblique  r=26 ×3  rdzeń 400tr 259.4s     wyn. 267tr 172.9s     wyniszczenie  (9920 ms)
Iron Skull beam_pulse                 side     r=26 ×3  rdzeń 420tr 272.4s     wyn. 267tr 172.9s     wyniszczenie  (9872 ms)
Iron Skull beam_pulse                 stern    r=26 ×3  rdzeń 377tr 244.4s     wyn. 267tr 172.9s     wyniszczenie  (9117 ms)
Iron Skull siege_torpedo              bow      r=26 ×3  rdzeń —                wyn. 15tr 171.5s      wyniszczenie  (964 ms)
Iron Skull siege_torpedo              oblique  r=26 ×3  rdzeń —                wyn. 15tr 171.9s      wyniszczenie  (942 ms)
Iron Skull siege_torpedo              side     r=26 ×3  rdzeń —                wyn. 15tr 171.9s      wyniszczenie  (952 ms)
Iron Skull siege_torpedo              stern    r=26 ×3  rdzeń —                wyn. 15tr 171.9s      wyniszczenie  (906 ms)
Iron Skull missile_rack               bow      r=26 ×3  rdzeń —                wyn. 12tr 28.6s       wyniszczenie  (31 ms)
Iron Skull missile_rack               oblique  r=26 ×3  rdzeń —                wyn. 12tr 28.7s       wyniszczenie  (33 ms)
Iron Skull missile_rack               side     r=26 ×3  rdzeń —                wyn. 12tr 28.7s       wyniszczenie  (29 ms)
Iron Skull missile_rack               stern    r=26 ×3  rdzeń —                wyn. 12tr 28.8s       wyniszczenie  (29 ms)

Zapisano .tmp/rdzen/bench-matrix-containment.md (144 przypadków, 2115.1 s)
