Atlas      vulcan_minigun             bow      r=27 ×3  rdzeń —                wyn. 3000tr 210.3s    wyniszczenie  (68829 ms)
Atlas      vulcan_minigun             oblique  r=27 ×3  rdzeń —                wyn. 3000tr 210.5s    wyniszczenie  (67517 ms)
Atlas      vulcan_minigun             side     r=27 ×3  rdzeń —                wyn. 3000tr 210.5s    wyniszczenie  (63804 ms)
Atlas      vulcan_minigun             stern    r=27 ×3  rdzeń —                wyn. 3000tr 210.5s    wyniszczenie  (61534 ms)
Atlas      heavy_autocannon           bow      r=27 ×3  rdzeń —                wyn. 429tr 214.4s     wyniszczenie  (56634 ms)
Atlas      heavy_autocannon           oblique  r=27 ×3  rdzeń —                wyn. 429tr 214.7s     wyniszczenie  (58931 ms)
Atlas      heavy_autocannon           side     r=27 ×3  rdzeń —                wyn. 429tr 214.8s     wyniszczenie  (59078 ms)
Atlas      heavy_autocannon           stern    r=27 ×3  rdzeń —                wyn. 429tr 214.7s     wyniszczenie  (56792 ms)
Atlas      railgun_mk2                bow      r=27 ×3  rdzeń —                wyn. —                —  (46615 ms)
Atlas      railgun_mk2                oblique  r=27 ×3  rdzeń —                wyn. —                —  (47833 ms)
Atlas      railgun_mk2                side     r=27 ×3  rdzeń —                wyn. —                —  (44597 ms)
Atlas      railgun_mk2                stern    r=27 ×3  rdzeń —                wyn. —                —  (45441 ms)
Atlas      tempest_ion_l              bow      r=27 ×3  rdzeń —                wyn. —                —  (19599 ms)
Atlas      tempest_ion_l              oblique  r=27 ×3  rdzeń —                wyn. —                —  (20947 ms)
Atlas      tempest_ion_l              side     r=27 ×3  rdzeń —                wyn. —                —  (23152 ms)
Atlas      tempest_ion_l              stern    r=27 ×3  rdzeń —                wyn. —                —  (22665 ms)
Atlas      helios_laser               bow      r=27 ×3  rdzeń —                wyn. —                —  (50979 ms)
Atlas      helios_laser               oblique  r=27 ×3  rdzeń —                wyn. —                —  (54013 ms)
Atlas      helios_laser               side     r=27 ×3  rdzeń —                wyn. —                —  (54620 ms)
Atlas      helios_laser               stern    r=27 ×3  rdzeń —                wyn. —                —  (54066 ms)
Atlas      armata_mk1                 bow      r=27 ×3  rdzeń —                wyn. 80tr 198.0s      wyniszczenie  (13163 ms)
Atlas      armata_mk1                 oblique  r=27 ×3  rdzeń —                wyn. 80tr 198.4s      wyniszczenie  (13212 ms)
Atlas      armata_mk1                 side     r=27 ×3  rdzeń —                wyn. 80tr 198.4s      wyniszczenie  (13017 ms)
Atlas      armata_mk1                 stern    r=27 ×3  rdzeń —                wyn. 80tr 198.3s      wyniszczenie  (11875 ms)
Atlas      special_valkyrie_railgun   bow      r=27 ×3  rdzeń —                wyn. 24tr 69.1s       wyniszczenie  (15381 ms)
Atlas      special_valkyrie_railgun   oblique  r=27 ×3  rdzeń —                wyn. 24tr 69.2s       wyniszczenie  (17655 ms)
Atlas      special_valkyrie_railgun   side     r=27 ×3  rdzeń —                wyn. 24tr 69.2s       wyniszczenie  (14871 ms)
Atlas      special_valkyrie_railgun   stern    r=27 ×3  rdzeń —                wyn. 24tr 69.1s       wyniszczenie  (12757 ms)
Atlas      special_yamato_cannon      bow      r=27 ×3  rdzeń —                wyn. 15tr 20.3s       wyniszczenie  (13488 ms)
Atlas      special_yamato_cannon      oblique  r=27 ×3  rdzeń 160tr 265.3s     wyn. 15tr 20.4s       wyniszczenie  (9081 ms)
Atlas      special_yamato_cannon      side     r=27 ×3  rdzeń 91tr 150.3s      wyn. 15tr 20.4s       wyniszczenie  (7697 ms)
Atlas      special_yamato_cannon      stern    r=27 ×3  rdzeń 132tr 215.5s     wyn. 15tr 20.4s       wyniszczenie  (11466 ms)
Atlas      beam_continuous            bow      r=27 ×3  rdzeń —                wyn. —                —  (32275 ms)
Atlas      beam_continuous            oblique  r=27 ×3  rdzeń —                wyn. —                —  (23007 ms)
Atlas      beam_continuous            side     r=27 ×3  rdzeń —                wyn. —                —  (21557 ms)
Atlas      beam_continuous            stern    r=27 ×3  rdzeń —                wyn. —                —  (36597 ms)
Atlas      beam_pulse                 bow      r=27 ×3  rdzeń —                wyn. 267tr 172.9s     wyniszczenie  (25913 ms)
Atlas      beam_pulse                 oblique  r=27 ×3  rdzeń —                wyn. 267tr 172.9s     wyniszczenie  (47135 ms)
Atlas      beam_pulse                 side     r=27 ×3  rdzeń —                wyn. 267tr 172.9s     wyniszczenie  (52429 ms)
Atlas      beam_pulse                 stern    r=27 ×3  rdzeń —                wyn. 267tr 172.9s     wyniszczenie  (18164 ms)
Atlas      siege_torpedo              bow      r=27 ×3  rdzeń —                wyn. 15tr 170.1s      wyniszczenie  (3303 ms)
Atlas      siege_torpedo              oblique  r=27 ×3  rdzeń —                wyn. 15tr 171.7s      wyniszczenie  (3536 ms)
Atlas      siege_torpedo              side     r=27 ×3  rdzeń —                wyn. 15tr 171.7s      wyniszczenie  (3429 ms)
Atlas      siege_torpedo              stern    r=27 ×3  rdzeń —                wyn. 15tr 171.4s      wyniszczenie  (5372 ms)
Atlas      missile_rack               bow      r=27 ×3  rdzeń —                wyn. 12tr 28.2s       wyniszczenie  (165 ms)
Atlas      missile_rack               oblique  r=27 ×3  rdzeń —                wyn. 12tr 28.3s       wyniszczenie  (156 ms)
Atlas      missile_rack               side     r=27 ×3  rdzeń —                wyn. 12tr 28.5s       wyniszczenie  (189 ms)
Atlas      missile_rack               stern    r=27 ×3  rdzeń —                wyn. 12tr 28.7s       wyniszczenie  (182 ms)
Bellator   vulcan_minigun             bow      r=26 ×3  rdzeń —                wyn. 3000tr 210.5s    wyniszczenie  (14832 ms)
Bellator   vulcan_minigun             oblique  r=26 ×3  rdzeń —                wyn. 3000tr 210.5s    wyniszczenie  (15756 ms)
Bellator   vulcan_minigun             side     r=26 ×3  rdzeń —                wyn. 3000tr 210.5s    wyniszczenie  (15075 ms)
Bellator   vulcan_minigun             stern    r=26 ×3  rdzeń —                wyn. 3000tr 210.6s    wyniszczenie  (15605 ms)
Bellator   heavy_autocannon           bow      r=26 ×3  rdzeń —                wyn. 429tr 214.7s     wyniszczenie  (12459 ms)
Bellator   heavy_autocannon           oblique  r=26 ×3  rdzeń —                wyn. 429tr 214.8s     wyniszczenie  (12376 ms)
Bellator   heavy_autocannon           side     r=26 ×3  rdzeń —                wyn. 429tr 214.8s     wyniszczenie  (14512 ms)
Bellator   heavy_autocannon           stern    r=26 ×3  rdzeń —                wyn. 429tr 214.8s     wyniszczenie  (12608 ms)
Bellator   railgun_mk2                bow      r=26 ×3  rdzeń —                wyn. —                —  (11763 ms)
Bellator   railgun_mk2                oblique  r=26 ×3  rdzeń —                wyn. —                —  (13232 ms)
Bellator   railgun_mk2                side     r=26 ×3  rdzeń —                wyn. —                —  (11689 ms)
Bellator   railgun_mk2                stern    r=26 ×3  rdzeń —                wyn. —                —  (12112 ms)
Bellator   tempest_ion_l              bow      r=26 ×3  rdzeń —                wyn. —                —  (5831 ms)
Bellator   tempest_ion_l              oblique  r=26 ×3  rdzeń —                wyn. —                —  (7355 ms)
Bellator   tempest_ion_l              side     r=26 ×3  rdzeń —                wyn. —                —  (7075 ms)
Bellator   tempest_ion_l              stern    r=26 ×3  rdzeń —                wyn. —                —  (8049 ms)
Bellator   helios_laser               bow      r=26 ×3  rdzeń —                wyn. —                —  (16148 ms)
Bellator   helios_laser               oblique  r=26 ×3  rdzeń —                wyn. —                —  (16711 ms)
Bellator   helios_laser               side     r=26 ×3  rdzeń —                wyn. —                —  (15740 ms)
Bellator   helios_laser               stern    r=26 ×3  rdzeń —                wyn. —                —  (16161 ms)
Bellator   armata_mk1                 bow      r=26 ×3  rdzeń —                wyn. 80tr 198.3s      wyniszczenie  (4224 ms)
Bellator   armata_mk1                 oblique  r=26 ×3  rdzeń —                wyn. 80tr 198.4s      wyniszczenie  (4351 ms)
Bellator   armata_mk1                 side     r=26 ×3  rdzeń —                wyn. 80tr 198.5s      wyniszczenie  (3515 ms)
Bellator   armata_mk1                 stern    r=26 ×3  rdzeń —                wyn. 80tr 198.5s      wyniszczenie  (4210 ms)
Bellator   special_valkyrie_railgun   bow      r=26 ×3  rdzeń —                wyn. 24tr 69.1s       wyniszczenie  (6862 ms)
Bellator   special_valkyrie_railgun   oblique  r=26 ×3  rdzeń —                wyn. 24tr 69.2s       wyniszczenie  (6589 ms)
Bellator   special_valkyrie_railgun   side     r=26 ×3  rdzeń 67tr 198.2s      wyn. 24tr 69.2s       wyniszczenie  (3585 ms)
Bellator   special_valkyrie_railgun   stern    r=26 ×3  rdzeń 49tr 144.2s      wyn. 24tr 69.2s       wyniszczenie  (3329 ms)
Bellator   special_yamato_cannon      bow      r=26 ×3  rdzeń 116tr 190.4s     wyn. 15tr 20.4s       wyniszczenie  (3903 ms)
Bellator   special_yamato_cannon      oblique  r=26 ×3  rdzeń 92tr 150.4s      wyn. 15tr 20.4s       wyniszczenie  (3250 ms)
Bellator   special_yamato_cannon      side     r=26 ×3  rdzeń 58tr 95.3s       wyn. 15tr 20.4s       wyniszczenie  (2159 ms)
Bellator   special_yamato_cannon      stern    r=26 ×3  rdzeń 22tr 35.3s       wyn. 15tr 20.4s       wyniszczenie  (828 ms)
Bellator   beam_continuous            bow      r=26 ×3  rdzeń —                wyn. —                —  (3105 ms)
Bellator   beam_continuous            oblique  r=26 ×3  rdzeń —                wyn. —                —  (3252 ms)
Bellator   beam_continuous            side     r=26 ×3  rdzeń —                wyn. —                —  (3126 ms)
Bellator   beam_continuous            stern    r=26 ×3  rdzeń —                wyn. —                —  (3578 ms)
Bellator   beam_pulse                 bow      r=26 ×3  rdzeń —                wyn. 267tr 172.9s     wyniszczenie  (11362 ms)
Bellator   beam_pulse                 oblique  r=26 ×3  rdzeń —                wyn. 267tr 172.9s     wyniszczenie  (9970 ms)
Bellator   beam_pulse                 side     r=26 ×3  rdzeń 430tr 278.9s     wyn. 267tr 172.9s     wyniszczenie  (11310 ms)
Bellator   beam_pulse                 stern    r=26 ×3  rdzeń 368tr 238.6s     wyn. 267tr 172.9s     wyniszczenie  (10760 ms)
Bellator   siege_torpedo              bow      r=26 ×3  rdzeń —                wyn. 15tr 171.4s      wyniszczenie  (1592 ms)
Bellator   siege_torpedo              oblique  r=26 ×3  rdzeń —                wyn. 15tr 171.7s      wyniszczenie  (1368 ms)
Bellator   siege_torpedo              side     r=26 ×3  rdzeń —                wyn. 15tr 171.9s      wyniszczenie  (1353 ms)
Bellator   siege_torpedo              stern    r=26 ×3  rdzeń —                wyn. 15tr 172.0s      wyniszczenie  (1304 ms)
Bellator   missile_rack               bow      r=26 ×3  rdzeń —                wyn. 12tr 28.6s       wyniszczenie  (60 ms)
Bellator   missile_rack               oblique  r=26 ×3  rdzeń —                wyn. 12tr 28.7s       wyniszczenie  (71 ms)
Bellator   missile_rack               side     r=26 ×3  rdzeń —                wyn. 12tr 28.7s       wyniszczenie  (56 ms)
Bellator   missile_rack               stern    r=26 ×3  rdzeń —                wyn. 12tr 28.8s       wyniszczenie  (55 ms)
Iron Skull vulcan_minigun             bow      r=26 ×3  rdzeń —                wyn. 3000tr 210.5s    wyniszczenie  (15417 ms)
Iron Skull vulcan_minigun             oblique  r=26 ×3  rdzeń —                wyn. 3000tr 210.6s    wyniszczenie  (13515 ms)
Iron Skull vulcan_minigun             side     r=26 ×3  rdzeń —                wyn. 3000tr 210.6s    wyniszczenie  (10252 ms)
Iron Skull vulcan_minigun             stern    r=26 ×3  rdzeń —                wyn. 3000tr 210.6s    wyniszczenie  (11457 ms)
Iron Skull heavy_autocannon           bow      r=26 ×3  rdzeń —                wyn. 429tr 214.7s     wyniszczenie  (11460 ms)
Iron Skull heavy_autocannon           oblique  r=26 ×3  rdzeń —                wyn. 429tr 214.8s     wyniszczenie  (12662 ms)
Iron Skull heavy_autocannon           side     r=26 ×3  rdzeń —                wyn. 429tr 214.8s     wyniszczenie  (13263 ms)
Iron Skull heavy_autocannon           stern    r=26 ×3  rdzeń —                wyn. 429tr 214.8s     wyniszczenie  (14847 ms)
Iron Skull railgun_mk2                bow      r=26 ×3  rdzeń —                wyn. —                —  (15063 ms)
Iron Skull railgun_mk2                oblique  r=26 ×3  rdzeń —                wyn. —                —  (15001 ms)
Iron Skull railgun_mk2                side     r=26 ×3  rdzeń —                wyn. —                —  (12973 ms)
Iron Skull railgun_mk2                stern    r=26 ×3  rdzeń —                wyn. —                —  (13235 ms)
Iron Skull tempest_ion_l              bow      r=26 ×3  rdzeń —                wyn. —                —  (5601 ms)
Iron Skull tempest_ion_l              oblique  r=26 ×3  rdzeń —                wyn. —                —  (6627 ms)
Iron Skull tempest_ion_l              side     r=26 ×3  rdzeń —                wyn. —                —  (5502 ms)
Iron Skull tempest_ion_l              stern    r=26 ×3  rdzeń —                wyn. —                —  (6770 ms)
Iron Skull helios_laser               bow      r=26 ×3  rdzeń —                wyn. —                —  (13991 ms)
Iron Skull helios_laser               oblique  r=26 ×3  rdzeń —                wyn. —                —  (14251 ms)
Iron Skull helios_laser               side     r=26 ×3  rdzeń —                wyn. —                —  (12683 ms)
Iron Skull helios_laser               stern    r=26 ×3  rdzeń —                wyn. —                —  (12700 ms)
Iron Skull armata_mk1                 bow      r=26 ×3  rdzeń —                wyn. 80tr 198.4s      wyniszczenie  (3241 ms)
Iron Skull armata_mk1                 oblique  r=26 ×3  rdzeń —                wyn. 80tr 198.4s      wyniszczenie  (3812 ms)
Iron Skull armata_mk1                 side     r=26 ×3  rdzeń —                wyn. 80tr 198.5s      wyniszczenie  (2956 ms)
Iron Skull armata_mk1                 stern    r=26 ×3  rdzeń —                wyn. 80tr 198.5s      wyniszczenie  (3324 ms)
Iron Skull special_valkyrie_railgun   bow      r=26 ×3  rdzeń —                wyn. 24tr 69.2s       wyniszczenie  (5786 ms)
Iron Skull special_valkyrie_railgun   oblique  r=26 ×3  rdzeń 65tr 192.2s      wyn. 24tr 69.2s       wyniszczenie  (3522 ms)
Iron Skull special_valkyrie_railgun   side     r=26 ×3  rdzeń 73tr 216.2s      wyn. 24tr 69.2s       wyniszczenie  (4309 ms)
Iron Skull special_valkyrie_railgun   stern    r=26 ×3  rdzeń 55tr 162.2s      wyn. 24tr 69.2s       wyniszczenie  (2962 ms)
Iron Skull special_yamato_cannon      bow      r=26 ×3  rdzeń 115tr 190.3s     wyn. 15tr 20.4s       wyniszczenie  (3119 ms)
Iron Skull special_yamato_cannon      oblique  r=26 ×3  rdzeń 51tr 80.5s       wyn. 15tr 20.4s       wyniszczenie  (1605 ms)
Iron Skull special_yamato_cannon      side     r=26 ×3  rdzeń 44tr 70.4s       wyn. 15tr 20.4s       wyniszczenie  (1379 ms)
Iron Skull special_yamato_cannon      stern    r=26 ×3  rdzeń 42tr 65.5s       wyn. 15tr 20.4s       wyniszczenie  (1267 ms)
Iron Skull beam_continuous            bow      r=26 ×3  rdzeń —                wyn. —                —  (2011 ms)
Iron Skull beam_continuous            oblique  r=26 ×3  rdzeń —                wyn. —                —  (3520 ms)
Iron Skull beam_continuous            side     r=26 ×3  rdzeń —                wyn. —                —  (2569 ms)
Iron Skull beam_continuous            stern    r=26 ×3  rdzeń —                wyn. —                —  (1598 ms)
Iron Skull beam_pulse                 bow      r=26 ×3  rdzeń —                wyn. 267tr 172.9s     wyniszczenie  (11077 ms)
Iron Skull beam_pulse                 oblique  r=26 ×3  rdzeń —                wyn. 267tr 172.9s     wyniszczenie  (9044 ms)
Iron Skull beam_pulse                 side     r=26 ×3  rdzeń —                wyn. 267tr 172.9s     wyniszczenie  (9114 ms)
Iron Skull beam_pulse                 stern    r=26 ×3  rdzeń —                wyn. 267tr 172.9s     wyniszczenie  (8779 ms)
Iron Skull siege_torpedo              bow      r=26 ×3  rdzeń —                wyn. 15tr 171.5s      wyniszczenie  (837 ms)
Iron Skull siege_torpedo              oblique  r=26 ×3  rdzeń —                wyn. 15tr 171.9s      wyniszczenie  (974 ms)
Iron Skull siege_torpedo              side     r=26 ×3  rdzeń —                wyn. 15tr 171.9s      wyniszczenie  (910 ms)
Iron Skull siege_torpedo              stern    r=26 ×3  rdzeń —                wyn. 15tr 171.9s      wyniszczenie  (840 ms)
Iron Skull missile_rack               bow      r=26 ×3  rdzeń —                wyn. 12tr 28.6s       wyniszczenie  (29 ms)
Iron Skull missile_rack               oblique  r=26 ×3  rdzeń —                wyn. 12tr 28.7s       wyniszczenie  (30 ms)
Iron Skull missile_rack               side     r=26 ×3  rdzeń —                wyn. 12tr 28.7s       wyniszczenie  (28 ms)
Iron Skull missile_rack               stern    r=26 ×3  rdzeń —                wyn. 12tr 28.8s       wyniszczenie  (28 ms)

Zapisano .tmp/rdzen/bench-matrix-containment.md (144 przypadków, 2095.0 s)
