Atlas      special_valkyrie_railgun   bow      r=27 ×3  rdzeń —                wyn. 24tr 69.1s       wyniszczenie  (20523 ms)
Atlas      special_valkyrie_railgun   oblique  r=27 ×3  rdzeń —                wyn. 24tr 69.2s       wyniszczenie  (15726 ms)
Atlas      special_valkyrie_railgun   side     r=27 ×3  rdzeń —                wyn. 24tr 69.2s       wyniszczenie  (14902 ms)
Atlas      special_valkyrie_railgun   stern    r=27 ×3  rdzeń —                wyn. 24tr 69.1s       wyniszczenie  (14778 ms)
Atlas      special_yamato_cannon      bow      r=27 ×3  rdzeń —                wyn. 15tr 20.3s       wyniszczenie  (14546 ms)
Atlas      special_yamato_cannon      oblique  r=27 ×3  rdzeń 107tr 175.4s     wyn. 15tr 20.4s       wyniszczenie  (11626 ms)
Atlas      special_yamato_cannon      side     r=27 ×3  rdzeń 85tr 140.3s      wyn. 15tr 20.4s       wyniszczenie  (7392 ms)
Atlas      special_yamato_cannon      stern    r=27 ×3  rdzeń 143tr 235.4s     wyn. 15tr 20.4s       wyniszczenie  (11561 ms)
Atlas      beam_pulse                 bow      r=27 ×3  rdzeń —                wyn. 267tr 172.9s     wyniszczenie  (20150 ms)
Atlas      beam_pulse                 oblique  r=27 ×3  rdzeń —                wyn. 267tr 172.9s     wyniszczenie  (35696 ms)
Atlas      beam_pulse                 side     r=27 ×3  rdzeń —                wyn. 267tr 172.9s     wyniszczenie  (48468 ms)
Atlas      beam_pulse                 stern    r=27 ×3  rdzeń —                wyn. 267tr 172.9s     wyniszczenie  (10381 ms)
Atlas      beam_continuous            bow      r=27 ×3  rdzeń —                wyn. 1500tr 75.0s     wyniszczenie  (56407 ms)
Atlas      beam_continuous            oblique  r=27 ×3  rdzeń 2897tr 144.8s    wyn. 1500tr 75.0s     wyniszczenie  (29415 ms)
Atlas      beam_continuous            side     r=27 ×3  rdzeń 3141tr 157.0s    wyn. 1500tr 75.0s     wyniszczenie  (32217 ms)
Atlas      beam_continuous            stern    r=27 ×3  rdzeń 4435tr 221.7s    wyn. 1500tr 75.0s     wyniszczenie  (41939 ms)
Bellator   special_valkyrie_railgun   bow      r=26 ×3  rdzeń —                wyn. 24tr 69.2s       wyniszczenie  (4671 ms)
Bellator   special_valkyrie_railgun   oblique  r=26 ×3  rdzeń —                wyn. 24tr 69.2s       wyniszczenie  (4667 ms)
Bellator   special_valkyrie_railgun   side     r=26 ×3  rdzeń 67tr 198.2s      wyn. 24tr 69.2s       wyniszczenie  (2448 ms)
Bellator   special_valkyrie_railgun   stern    r=26 ×3  rdzeń 49tr 144.2s      wyn. 24tr 69.2s       wyniszczenie  (2624 ms)
Bellator   special_yamato_cannon      bow      r=26 ×3  rdzeń 122tr 200.4s     wyn. 15tr 20.4s       wyniszczenie  (3122 ms)
Bellator   special_yamato_cannon      oblique  r=26 ×3  rdzeń 72tr 115.5s      wyn. 15tr 20.4s       wyniszczenie  (1789 ms)
Bellator   special_yamato_cannon      side     r=26 ×3  rdzeń 56tr 90.4s       wyn. 15tr 20.4s       wyniszczenie  (1570 ms)
Bellator   special_yamato_cannon      stern    r=26 ×3  rdzeń 22tr 35.3s       wyn. 15tr 20.4s       wyniszczenie  (609 ms)
Bellator   beam_pulse                 bow      r=26 ×3  rdzeń —                wyn. 267tr 172.9s     wyniszczenie  (9549 ms)
Bellator   beam_pulse                 oblique  r=26 ×3  rdzeń —                wyn. 267tr 172.9s     wyniszczenie  (11186 ms)
Bellator   beam_pulse                 side     r=26 ×3  rdzeń 441tr 286.0s     wyn. 267tr 172.9s     wyniszczenie  (10472 ms)
Bellator   beam_pulse                 stern    r=26 ×3  rdzeń 377tr 244.4s     wyn. 267tr 172.9s     wyniszczenie  (9232 ms)
Bellator   beam_continuous            bow      r=26 ×3  rdzeń 4233tr 211.6s    wyn. 1500tr 75.0s     wyniszczenie  (11197 ms)
Bellator   beam_continuous            oblique  r=26 ×3  rdzeń 3123tr 156.1s    wyn. 1500tr 75.0s     wyniszczenie  (8457 ms)
Bellator   beam_continuous            side     r=26 ×3  rdzeń 2159tr 107.9s    wyn. 1500tr 75.0s     wyniszczenie  (5520 ms)
Bellator   beam_continuous            stern    r=26 ×3  rdzeń 1877tr 93.8s     wyn. 1500tr 75.0s     wyniszczenie  (4796 ms)
Iron Skull special_valkyrie_railgun   bow      r=26 ×3  rdzeń —                wyn. 24tr 69.2s       wyniszczenie  (4183 ms)
Iron Skull special_valkyrie_railgun   oblique  r=26 ×3  rdzeń 69tr 204.2s      wyn. 24tr 69.2s       wyniszczenie  (2955 ms)
Iron Skull special_valkyrie_railgun   side     r=26 ×3  rdzeń 73tr 216.2s      wyn. 24tr 69.2s       wyniszczenie  (3088 ms)
Iron Skull special_valkyrie_railgun   stern    r=26 ×3  rdzeń 55tr 162.2s      wyn. 24tr 69.2s       wyniszczenie  (2156 ms)
Iron Skull special_yamato_cannon      bow      r=26 ×3  rdzeń 109tr 180.3s     wyn. 15tr 20.4s       wyniszczenie  (2214 ms)
Iron Skull special_yamato_cannon      oblique  r=26 ×3  rdzeń 53tr 85.4s       wyn. 15tr 20.4s       wyniszczenie  (1265 ms)
Iron Skull special_yamato_cannon      side     r=26 ×3  rdzeń 51tr 80.5s       wyn. 15tr 20.4s       wyniszczenie  (1248 ms)
Iron Skull special_yamato_cannon      stern    r=26 ×3  rdzeń 43tr 70.3s       wyn. 15tr 20.4s       wyniszczenie  (1041 ms)
Iron Skull beam_pulse                 bow      r=26 ×3  rdzeń —                wyn. 267tr 189.8s     wyniszczenie  (10895 ms)
Iron Skull beam_pulse                 oblique  r=26 ×3  rdzeń —                wyn. 267tr 172.9s     wyniszczenie  (11419 ms)
Iron Skull beam_pulse                 side     r=26 ×3  rdzeń —                wyn. 267tr 172.9s     wyniszczenie  (9883 ms)
Iron Skull beam_pulse                 stern    r=26 ×3  rdzeń —                wyn. 267tr 172.9s     wyniszczenie  (8211 ms)
Iron Skull beam_continuous            bow      r=26 ×3  rdzeń —                wyn. 1500tr 112.0s    wyniszczenie  (16136 ms)
Iron Skull beam_continuous            oblique  r=26 ×3  rdzeń 2077tr 103.8s    wyn. 1500tr 75.0s     wyniszczenie  (5432 ms)
Iron Skull beam_continuous            side     r=26 ×3  rdzeń 2637tr 131.8s    wyn. 1500tr 75.0s     wyniszczenie  (7016 ms)
Iron Skull beam_continuous            stern    r=26 ×3  rdzeń 2285tr 114.2s    wyn. 1500tr 75.0s     wyniszczenie  (5987 ms)

Zapisano .tmp/rdzen/bench-matrix-containment-fix.md (48 przypadków, 570.8 s)
