Atlas      special_valkyrie_railgun   side     r=18 ×1  rdzeń 93tr 276.2s      wyn. 24tr 69.2s       wyniszczenie  (14423 ms)
Atlas      special_valkyrie_railgun   side     r=18 ×2  rdzeń 93tr 276.2s      wyn. 24tr 69.2s       wyniszczenie  (14592 ms)
Atlas      special_valkyrie_railgun   side     r=18 ×3  rdzeń 93tr 276.2s      wyn. 24tr 69.2s       wyniszczenie  (12115 ms)
Atlas      special_valkyrie_railgun   side     r=18 ×4  rdzeń 93tr 276.2s      wyn. 24tr 69.2s       wyniszczenie  (12449 ms)
Atlas      special_valkyrie_railgun   side     r=26 ×1  rdzeń —                wyn. 24tr 69.2s       wyniszczenie  (12880 ms)
Atlas      special_valkyrie_railgun   side     r=26 ×2  rdzeń —                wyn. 24tr 69.2s       wyniszczenie  (13027 ms)
Atlas      special_valkyrie_railgun   side     r=26 ×3  rdzeń —                wyn. 24tr 69.2s       wyniszczenie  (11109 ms)
Atlas      special_valkyrie_railgun   side     r=26 ×4  rdzeń —                wyn. 24tr 69.2s       wyniszczenie  (12585 ms)
Atlas      special_valkyrie_railgun   side     r=36 ×1  rdzeń —                wyn. 24tr 69.2s       wyniszczenie  (11656 ms)
Atlas      special_valkyrie_railgun   side     r=36 ×2  rdzeń —                wyn. 24tr 69.2s       wyniszczenie  (10902 ms)
Atlas      special_valkyrie_railgun   side     r=36 ×3  rdzeń —                wyn. 24tr 69.2s       wyniszczenie  (11000 ms)
Atlas      special_valkyrie_railgun   side     r=36 ×4  rdzeń —                wyn. 24tr 69.2s       wyniszczenie  (13789 ms)
Atlas      special_yamato_cannon      side     r=18 ×1  rdzeń 100tr 165.3s     wyn. 15tr 20.4s       wyniszczenie  (8680 ms)
Atlas      special_yamato_cannon      side     r=18 ×2  rdzeń 117tr 190.5s     wyn. 15tr 20.4s       wyniszczenie  (8897 ms)
Atlas      special_yamato_cannon      side     r=18 ×3  rdzeń 99tr 160.5s      wyn. 15tr 20.4s       wyniszczenie  (7013 ms)
Atlas      special_yamato_cannon      side     r=18 ×4  rdzeń 101tr 165.4s     wyn. 15tr 20.4s       wyniszczenie  (9334 ms)
Atlas      special_yamato_cannon      side     r=26 ×1  rdzeń 131tr 215.4s     wyn. 15tr 20.4s       wyniszczenie  (15303 ms)
Atlas      special_yamato_cannon      side     r=26 ×2  rdzeń 147tr 240.5s     wyn. 15tr 20.4s       wyniszczenie  (10983 ms)
Atlas      special_yamato_cannon      side     r=26 ×3  rdzeń 136tr 225.3s     wyn. 15tr 20.4s       wyniszczenie  (13758 ms)
Atlas      special_yamato_cannon      side     r=26 ×4  rdzeń 123tr 200.5s     wyn. 15tr 20.4s       wyniszczenie  (8982 ms)
Atlas      special_yamato_cannon      side     r=36 ×1  rdzeń 154tr 255.3s     wyn. 15tr 20.4s       wyniszczenie  (11169 ms)
Atlas      special_yamato_cannon      side     r=36 ×2  rdzeń 150tr 245.5s     wyn. 15tr 20.4s       wyniszczenie  (11620 ms)
Atlas      special_yamato_cannon      side     r=36 ×3  rdzeń 168tr 275.5s     wyn. 15tr 20.4s       wyniszczenie  (12501 ms)
Atlas      special_yamato_cannon      side     r=36 ×4  rdzeń 153tr 260.3s     wyn. 15tr 20.4s       wyniszczenie  (14821 ms)
Atlas      beam_pulse                 side     r=18 ×1  rdzeń 442tr 286.7s     wyn. 267tr 172.9s     wyniszczenie  (50746 ms)
Atlas      beam_pulse                 side     r=18 ×2  rdzeń —                wyn. 267tr 172.9s     wyniszczenie  (50099 ms)
Atlas      beam_pulse                 side     r=18 ×3  rdzeń —                wyn. 267tr 172.9s     wyniszczenie  (52085 ms)
Atlas      beam_pulse                 side     r=18 ×4  rdzeń —                wyn. 267tr 172.9s     wyniszczenie  (57355 ms)
Atlas      beam_pulse                 side     r=26 ×1  rdzeń —                wyn. 267tr 172.9s     wyniszczenie  (53387 ms)
Atlas      beam_pulse                 side     r=26 ×2  rdzeń —                wyn. 267tr 172.9s     wyniszczenie  (54876 ms)
Atlas      beam_pulse                 side     r=26 ×3  rdzeń —                wyn. 267tr 172.9s     wyniszczenie  (59652 ms)
Atlas      beam_pulse                 side     r=26 ×4  rdzeń —                wyn. 267tr 172.9s     wyniszczenie  (62465 ms)
Atlas      beam_pulse                 side     r=36 ×1  rdzeń —                wyn. 267tr 172.9s     wyniszczenie  (71861 ms)
Atlas      beam_pulse                 side     r=36 ×2  rdzeń —                wyn. 267tr 172.9s     wyniszczenie  (71284 ms)
Atlas      beam_pulse                 side     r=36 ×3  rdzeń —                wyn. 267tr 172.9s     wyniszczenie  (49734 ms)
Atlas      beam_pulse                 side     r=36 ×4  rdzeń —                wyn. 267tr 172.9s     wyniszczenie  (54595 ms)
Bellator   special_valkyrie_railgun   side     r=18 ×1  rdzeń 52tr 153.2s      wyn. 24tr 69.2s       wyniszczenie  (2681 ms)
Bellator   special_valkyrie_railgun   side     r=18 ×2  rdzeń 52tr 153.2s      wyn. 24tr 69.2s       wyniszczenie  (2692 ms)
Bellator   special_valkyrie_railgun   side     r=18 ×3  rdzeń 52tr 153.2s      wyn. 24tr 69.2s       wyniszczenie  (2441 ms)
Bellator   special_valkyrie_railgun   side     r=18 ×4  rdzeń 52tr 153.2s      wyn. 24tr 69.2s       wyniszczenie  (2364 ms)
Bellator   special_valkyrie_railgun   side     r=26 ×1  rdzeń 60tr 177.2s      wyn. 24tr 69.2s       wyniszczenie  (2926 ms)
Bellator   special_valkyrie_railgun   side     r=26 ×2  rdzeń 60tr 177.2s      wyn. 24tr 69.2s       wyniszczenie  (2910 ms)
Bellator   special_valkyrie_railgun   side     r=26 ×3  rdzeń 60tr 177.2s      wyn. 24tr 69.2s       wyniszczenie  (2911 ms)
Bellator   special_valkyrie_railgun   side     r=26 ×4  rdzeń 60tr 177.2s      wyn. 24tr 69.2s       wyniszczenie  (2995 ms)
Bellator   special_valkyrie_railgun   side     r=36 ×1  rdzeń 80tr 237.2s      wyn. 24tr 69.2s       wyniszczenie  (4902 ms)
Bellator   special_valkyrie_railgun   side     r=36 ×2  rdzeń 81tr 240.2s      wyn. 24tr 69.2s       wyniszczenie  (4946 ms)
Bellator   special_valkyrie_railgun   side     r=36 ×3  rdzeń 88tr 261.2s      wyn. 24tr 69.2s       wyniszczenie  (5344 ms)
Bellator   special_valkyrie_railgun   side     r=36 ×4  rdzeń 80tr 237.2s      wyn. 24tr 69.2s       wyniszczenie  (5074 ms)
Bellator   special_yamato_cannon      side     r=18 ×1  rdzeń 49tr 80.3s       wyn. 15tr 20.4s       wyniszczenie  (1125 ms)
Bellator   special_yamato_cannon      side     r=18 ×2  rdzeń 49tr 80.3s       wyn. 15tr 20.4s       wyniszczenie  (1127 ms)
Bellator   special_yamato_cannon      side     r=18 ×3  rdzeń 49tr 80.3s       wyn. 15tr 20.4s       wyniszczenie  (1154 ms)
Bellator   special_yamato_cannon      side     r=18 ×4  rdzeń 49tr 80.3s       wyn. 15tr 20.4s       wyniszczenie  (1157 ms)
Bellator   special_yamato_cannon      side     r=26 ×1  rdzeń 71tr 115.4s      wyn. 15tr 20.4s       wyniszczenie  (1666 ms)
Bellator   special_yamato_cannon      side     r=26 ×2  rdzeń 65tr 105.4s      wyn. 15tr 20.4s       wyniszczenie  (1428 ms)
Bellator   special_yamato_cannon      side     r=26 ×3  rdzeń 71tr 115.4s      wyn. 15tr 20.4s       wyniszczenie  (1753 ms)
Bellator   special_yamato_cannon      side     r=26 ×4  rdzeń 69tr 110.5s      wyn. 15tr 20.4s       wyniszczenie  (1698 ms)
Bellator   special_yamato_cannon      side     r=36 ×1  rdzeń 91tr 150.3s      wyn. 15tr 20.4s       wyniszczenie  (2352 ms)
Bellator   special_yamato_cannon      side     r=36 ×2  rdzeń 91tr 150.3s      wyn. 15tr 20.4s       wyniszczenie  (2545 ms)
Bellator   special_yamato_cannon      side     r=36 ×3  rdzeń 93tr 150.5s      wyn. 15tr 20.4s       wyniszczenie  (2475 ms)
Bellator   special_yamato_cannon      side     r=36 ×4  rdzeń 93tr 150.5s      wyn. 15tr 20.4s       wyniszczenie  (2347 ms)
Bellator   beam_pulse                 side     r=18 ×1  rdzeń 258tr 167.1s     wyn. 267tr 172.7s     rdzeń  (7083 ms)
Bellator   beam_pulse                 side     r=18 ×2  rdzeń 285tr 184.6s     wyn. 267tr 172.9s     wyniszczenie  (7870 ms)
Bellator   beam_pulse                 side     r=18 ×3  rdzeń 304tr 197.0s     wyn. 267tr 172.9s     wyniszczenie  (8980 ms)
Bellator   beam_pulse                 side     r=18 ×4  rdzeń 325tr 210.6s     wyn. 267tr 172.9s     wyniszczenie  (9799 ms)
Bellator   beam_pulse                 side     r=26 ×1  rdzeń 331tr 214.5s     wyn. 267tr 172.9s     wyniszczenie  (9498 ms)
Bellator   beam_pulse                 side     r=26 ×2  rdzeń 389tr 252.2s     wyn. 267tr 172.9s     wyniszczenie  (11615 ms)
Bellator   beam_pulse                 side     r=26 ×3  rdzeń 423tr 274.3s     wyn. 267tr 172.9s     wyniszczenie  (12528 ms)
Bellator   beam_pulse                 side     r=26 ×4  rdzeń —                wyn. 267tr 172.9s     wyniszczenie  (13849 ms)
Bellator   beam_pulse                 side     r=36 ×1  rdzeń 437tr 283.4s     wyn. 267tr 172.9s     wyniszczenie  (12454 ms)
Bellator   beam_pulse                 side     r=36 ×2  rdzeń —                wyn. 267tr 172.9s     wyniszczenie  (13019 ms)
Bellator   beam_pulse                 side     r=36 ×3  rdzeń —                wyn. 267tr 172.9s     wyniszczenie  (13074 ms)
Bellator   beam_pulse                 side     r=36 ×4  rdzeń —                wyn. 267tr 172.9s     wyniszczenie  (13321 ms)
Iron Skull special_valkyrie_railgun   side     r=18 ×1  rdzeń 52tr 153.2s      wyn. 24tr 69.2s       wyniszczenie  (2727 ms)
Iron Skull special_valkyrie_railgun   side     r=18 ×2  rdzeń 53tr 156.2s      wyn. 24tr 69.2s       wyniszczenie  (2712 ms)
Iron Skull special_valkyrie_railgun   side     r=18 ×3  rdzeń 53tr 156.2s      wyn. 24tr 69.2s       wyniszczenie  (2708 ms)
Iron Skull special_valkyrie_railgun   side     r=18 ×4  rdzeń 53tr 156.2s      wyn. 24tr 69.2s       wyniszczenie  (2718 ms)
Iron Skull special_valkyrie_railgun   side     r=26 ×1  rdzeń 66tr 195.2s      wyn. 24tr 69.2s       wyniszczenie  (3606 ms)
Iron Skull special_valkyrie_railgun   side     r=26 ×2  rdzeń 66tr 195.2s      wyn. 24tr 69.2s       wyniszczenie  (3514 ms)
Iron Skull special_valkyrie_railgun   side     r=26 ×3  rdzeń 66tr 195.2s      wyn. 24tr 69.2s       wyniszczenie  (3395 ms)
Iron Skull special_valkyrie_railgun   side     r=26 ×4  rdzeń 66tr 195.2s      wyn. 24tr 69.2s       wyniszczenie  (3470 ms)
Iron Skull special_valkyrie_railgun   side     r=36 ×1  rdzeń 69tr 204.2s      wyn. 24tr 69.2s       wyniszczenie  (3908 ms)
Iron Skull special_valkyrie_railgun   side     r=36 ×2  rdzeń 80tr 237.2s      wyn. 24tr 69.2s       wyniszczenie  (4227 ms)
Iron Skull special_valkyrie_railgun   side     r=36 ×3  rdzeń 81tr 240.2s      wyn. 24tr 69.2s       wyniszczenie  (4309 ms)
Iron Skull special_valkyrie_railgun   side     r=36 ×4  rdzeń 75tr 222.2s      wyn. 24tr 69.2s       wyniszczenie  (4190 ms)
Iron Skull special_yamato_cannon      side     r=18 ×1  rdzeń 48tr 75.5s       wyn. 15tr 20.4s       wyniszczenie  (1309 ms)
Iron Skull special_yamato_cannon      side     r=18 ×2  rdzeń 62tr 100.4s      wyn. 15tr 20.4s       wyniszczenie  (1598 ms)
Iron Skull special_yamato_cannon      side     r=18 ×3  rdzeń 53tr 85.4s       wyn. 15tr 20.4s       wyniszczenie  (1422 ms)
Iron Skull special_yamato_cannon      side     r=18 ×4  rdzeń 53tr 85.4s       wyn. 15tr 20.4s       wyniszczenie  (1435 ms)
Iron Skull special_yamato_cannon      side     r=26 ×1  rdzeń 62tr 100.5s      wyn. 15tr 25.3s       wyniszczenie  (1836 ms)
Iron Skull special_yamato_cannon      side     r=26 ×2  rdzeń 65tr 105.5s      wyn. 15tr 25.3s       wyniszczenie  (2212 ms)
Iron Skull special_yamato_cannon      side     r=26 ×3  rdzeń 65tr 105.5s      wyn. 15tr 25.3s       wyniszczenie  (2281 ms)
Iron Skull special_yamato_cannon      side     r=26 ×4  rdzeń 56tr 90.5s       wyn. 15tr 25.3s       wyniszczenie  (2134 ms)
Iron Skull special_yamato_cannon      side     r=36 ×1  rdzeń 86tr 140.4s      wyn. 15tr 20.4s       wyniszczenie  (2260 ms)
Iron Skull special_yamato_cannon      side     r=36 ×2  rdzeń 82tr 135.3s      wyn. 15tr 20.4s       wyniszczenie  (2208 ms)
Iron Skull special_yamato_cannon      side     r=36 ×3  rdzeń 81tr 130.5s      wyn. 15tr 20.4s       wyniszczenie  (2142 ms)
Iron Skull special_yamato_cannon      side     r=36 ×4  rdzeń 79tr 130.3s      wyn. 15tr 20.4s       wyniszczenie  (2091 ms)
Iron Skull beam_pulse                 side     r=18 ×1  rdzeń 251tr 162.5s     wyn. 267tr 172.7s     rdzeń  (6354 ms)
Iron Skull beam_pulse                 side     r=18 ×2  rdzeń 279tr 180.7s     wyn. 267tr 172.9s     wyniszczenie  (7066 ms)
Iron Skull beam_pulse                 side     r=18 ×3  rdzeń 300tr 194.4s     wyn. 267tr 172.9s     wyniszczenie  (7443 ms)
Iron Skull beam_pulse                 side     r=18 ×4  rdzeń 321tr 208.0s     wyn. 267tr 172.9s     wyniszczenie  (7830 ms)
Iron Skull beam_pulse                 side     r=26 ×1  rdzeń 329tr 213.2s     wyn. 267tr 172.9s     wyniszczenie  (8243 ms)
Iron Skull beam_pulse                 side     r=26 ×2  rdzeń 379tr 245.7s     wyn. 267tr 172.9s     wyniszczenie  (9173 ms)
Iron Skull beam_pulse                 side     r=26 ×3  rdzeń 418tr 271.1s     wyn. 267tr 172.9s     wyniszczenie  (10140 ms)
Iron Skull beam_pulse                 side     r=26 ×4  rdzeń —                wyn. 267tr 172.9s     wyniszczenie  (11853 ms)
Iron Skull beam_pulse                 side     r=36 ×1  rdzeń 425tr 275.6s     wyn. 267tr 172.9s     wyniszczenie  (10493 ms)
Iron Skull beam_pulse                 side     r=36 ×2  rdzeń —                wyn. 267tr 172.9s     wyniszczenie  (11416 ms)
Iron Skull beam_pulse                 side     r=36 ×3  rdzeń —                wyn. 267tr 172.9s     wyniszczenie  (11656 ms)
Iron Skull beam_pulse                 side     r=36 ×4  rdzeń —                wyn. 267tr 172.9s     wyniszczenie  (11817 ms)

Zapisano .tmp/rdzen/bench-sens-containment.md (108 przypadków, 1345.8 s)
