Atlas      special_valkyrie_railgun   bow      r=27 ×3  rdzeń —                wyn. 24tr 69.1s       wyniszczenie  (16934 ms)
Atlas      special_valkyrie_railgun   oblique  r=27 ×3  rdzeń —                wyn. 24tr 69.2s       wyniszczenie  (17412 ms)
Atlas      special_valkyrie_railgun   side     r=27 ×3  rdzeń —                wyn. 24tr 69.2s       wyniszczenie  (14819 ms)
Atlas      special_valkyrie_railgun   stern    r=27 ×3  rdzeń —                wyn. 24tr 69.1s       wyniszczenie  (13416 ms)
Atlas      special_yamato_cannon      bow      r=27 ×3  rdzeń —                wyn. 15tr 20.3s       wyniszczenie  (13631 ms)
Atlas      special_yamato_cannon      oblique  r=27 ×3  rdzeń 164tr 270.4s     wyn. 15tr 20.4s       wyniszczenie  (9996 ms)
Atlas      special_yamato_cannon      side     r=27 ×3  rdzeń 87tr 140.6s      wyn. 15tr 20.4s       wyniszczenie  (7721 ms)
Atlas      special_yamato_cannon      stern    r=27 ×3  rdzeń 120tr 195.7s     wyn. 15tr 20.4s       wyniszczenie  (11418 ms)
Atlas      beam_pulse                 bow      r=27 ×3  rdzeń —                wyn. 267tr 172.9s     wyniszczenie  (29607 ms)
Atlas      beam_pulse                 oblique  r=27 ×3  rdzeń —                wyn. 267tr 172.9s     wyniszczenie  (56524 ms)
Atlas      beam_pulse                 side     r=27 ×3  rdzeń —                wyn. 267tr 172.9s     wyniszczenie  (43984 ms)
Atlas      beam_pulse                 stern    r=27 ×3  rdzeń —                wyn. 267tr 172.9s     wyniszczenie  (17682 ms)
Bellator   special_valkyrie_railgun   bow      r=26 ×3  rdzeń —                wyn. 24tr 69.1s       wyniszczenie  (5407 ms)
Bellator   special_valkyrie_railgun   oblique  r=26 ×3  rdzeń —                wyn. 24tr 69.2s       wyniszczenie  (4881 ms)
Bellator   special_valkyrie_railgun   side     r=26 ×3  rdzeń 63tr 186.4s      wyn. 24tr 69.2s       wyniszczenie  (2216 ms)
Bellator   special_valkyrie_railgun   stern    r=26 ×3  rdzeń 43tr 126.3s      wyn. 24tr 69.2s       wyniszczenie  (2335 ms)
Bellator   special_yamato_cannon      bow      r=26 ×3  rdzeń 129tr 210.7s     wyn. 15tr 20.4s       wyniszczenie  (3594 ms)
Bellator   special_yamato_cannon      oblique  r=26 ×3  rdzeń 84tr 135.5s      wyn. 15tr 20.4s       wyniszczenie  (2438 ms)
Bellator   special_yamato_cannon      side     r=26 ×3  rdzeń 48tr 75.6s       wyn. 15tr 20.4s       wyniszczenie  (1272 ms)
Bellator   special_yamato_cannon      stern    r=26 ×3  rdzeń 21tr 30.6s       wyn. 15tr 20.4s       wyniszczenie  (551 ms)
Bellator   beam_pulse                 bow      r=26 ×3  rdzeń —                wyn. 267tr 172.9s     wyniszczenie  (9724 ms)
Bellator   beam_pulse                 oblique  r=26 ×3  rdzeń 232tr 150.4s     wyn. 267tr 172.9s     rdzeń  (6322 ms)
Bellator   beam_pulse                 side     r=26 ×3  rdzeń 330tr 214.0s     wyn. 267tr 172.9s     wyniszczenie  (7978 ms)
Bellator   beam_pulse                 stern    r=26 ×3  rdzeń 327tr 212.1s     wyn. 267tr 172.9s     wyniszczenie  (8576 ms)
Iron Skull special_valkyrie_railgun   bow      r=26 ×3  rdzeń —                wyn. 24tr 69.2s       wyniszczenie  (4619 ms)
Iron Skull special_valkyrie_railgun   oblique  r=26 ×3  rdzeń 64tr 189.4s      wyn. 24tr 69.2s       wyniszczenie  (2649 ms)
Iron Skull special_valkyrie_railgun   side     r=26 ×3  rdzeń 70tr 207.3s      wyn. 24tr 69.2s       wyniszczenie  (3160 ms)
Iron Skull special_valkyrie_railgun   stern    r=26 ×3  rdzeń 54tr 159.3s      wyn. 24tr 69.2s       wyniszczenie  (2130 ms)
Iron Skull special_yamato_cannon      bow      r=26 ×3  rdzeń 117tr 190.5s     wyn. 15tr 20.4s       wyniszczenie  (2458 ms)
Iron Skull special_yamato_cannon      oblique  r=26 ×3  rdzeń 45tr 70.7s       wyn. 15tr 20.4s       wyniszczenie  (1319 ms)
Iron Skull special_yamato_cannon      side     r=26 ×3  rdzeń 54tr 85.6s       wyn. 15tr 20.4s       wyniszczenie  (1296 ms)
Iron Skull special_yamato_cannon      stern    r=26 ×3  rdzeń 33tr 50.7s       wyn. 15tr 20.4s       wyniszczenie  (747 ms)
Iron Skull beam_pulse                 bow      r=26 ×3  rdzeń —                wyn. 267tr 172.9s     wyniszczenie  (10270 ms)
Iron Skull beam_pulse                 oblique  r=26 ×3  rdzeń 426tr 276.4s     wyn. 267tr 172.9s     wyniszczenie  (8264 ms)
Iron Skull beam_pulse                 side     r=26 ×3  rdzeń 348tr 225.7s     wyn. 267tr 172.9s     wyniszczenie  (6699 ms)
Iron Skull beam_pulse                 stern    r=26 ×3  rdzeń 434tr 281.7s     wyn. 267tr 172.9s     wyniszczenie  (7984 ms)

Zapisano .tmp/rdzen/bench-matrix-probe.md (36 przypadków, 360.1 s)
