przypięte do HEAD (oba warianty): src/3d/engineVfxSystem.js
[31m(!) Failed to run dependency scan. Skipping dependency pre-bundling. Error: failed to resolve rollupOptions.input value: "AISPACE.html".
    at resolvePath (file:///C:/Users/Szymon/Documents/GitHub/statki/node_modules/vite/dist/node/chunks/config.js:31428:29)
    at async Promise.all (index 1)
    at async computeEntries (file:///C:/Users/Szymon/Documents/GitHub/statki/node_modules/vite/dist/node/chunks/config.js:31432:49)
    at async scan (file:///C:/Users/Szymon/Documents/GitHub/statki/node_modules/vite/dist/node/chunks/config.js:31367:19)
    at async file:///C:/Users/Szymon/Documents/GitHub/statki/node_modules/vite/dist/node/chunks/config.js:34110:15[39m

=== wariant przed: /.tmp/precyzja/przed/fxParticles3D.przed.js, /.tmp/precyzja/przed/bridgeFx3D.przed.js, /.tmp/precyzja/pin/engineVfxSystem.head.js, /.tmp/precyzja/przed/weapon3DSystem.przed.js, /.tmp/precyzja/przed/slugTrail3D.przed.js, /.tmp/precyzja/przed/shipLights3D.przed.js, /.tmp/precyzja/przed/hexBodyImpostorBatch.przed.js, /.tmp/precyzja/przed/engineExhaustBatch.przed.js
przypadek               siatki inst.   maska   RMS px   max px   skok px   dryf px/kl.       drżenie RMS / max   mesh.position
lights_0_z1.8               1    42   13755    0.201    0.362     0.121  -0.0113,-0.0181     0.054 / 0.073    [0,0]
lights_7M_z1.8              1    42   13931    1.060    1.785     1.224  -0.0152,-0.0913     0.645 / 1.274    [0,0]
lights_7M_z0.9              1    42    3351    0.508    0.866     0.615  -0.0362,-0.0255     0.309 / 0.541    [0,0]
lights_9.9M_z1.8            1    42   13911    1.195    1.901     1.712  -0.0216,-0.0834     0.903 / 1.312    [0,0]
lights_7M_z2                1    42   16962    1.012    1.693     1.000  -0.0465,-0.0827     0.530 / 0.934    [0,0]
windows_0_z1.8              1    18    2046    0.229    0.352     0.116  -0.0140,-0.0203     0.047 / 0.102    [0,0]
windows_7M_z1.8             1    18    1726    1.290    1.695     1.095  -0.1174,-0.0387     0.632 / 0.973    [0,0]
windows_7M_z0.9             1    18     482    0.618    0.758     0.579  -0.0554,-0.0159     0.328 / 0.522    [0,0]
windows_9.9M_z1.8           1    18    1719    1.671    2.452     1.450  -0.1459,-0.0382     0.955 / 1.719    [0,0]
windows_7M_z2               1    18    2569    0.814    1.244     1.013  -0.0685,0.0002      0.524 / 0.791    [0,0]
exhaust_0_z1.8              4    16   73601    0.092    0.247     0.247  0.0048,-0.0001      0.081 / 0.243    [0,0]
exhaust_7M_z1.8             4    16   69191    0.959    1.379     1.379  -0.0639,0.0555      0.573 / 1.315    [0,0]
exhaust_7M_z0.9             4    16   32223    0.412    0.732     0.609  -0.0017,0.0367      0.241 / 0.385    [0,0]
exhaust_9.9M_z1.8           4    16   73310    1.234    2.043     2.357  0.0356,0.0576       1.069 / 1.601    [0,0]
exhaust_7M_z2               4    16   84739    0.613    1.030     1.053  0.0029,0.0246       0.570 / 0.914    [0,0]
impostor_0_z1.8             1     1   36198    0.139    0.535     0.535  0.0000,0.0003       0.139 / 0.535    [0,0]
impostor_7M_z1.8            1     1   36207    0.464    0.763     0.943  0.0007,0.0226       0.416 / 0.625    [0,0]
impostor_7M_z0.9            1     1   25092    0.322    0.551     0.575  0.0048,0.0255       0.219 / 0.329    [0,0]
impostor_9.9M_z1.8          1     1   36170    0.975    1.585     2.255  -0.0157,-0.0108     0.960 / 1.434    [0,0]
impostor_7M_z2              1     1   36788    0.788    1.208     1.255  0.0497,0.0303       0.583 / 0.953    [0,0]
fx_0_z1.8                   9    10   14240    0.004    0.006     0.006  -0.0003,0.0000      0.003 / 0.004    [0,0] pos64=false
fx_7M_z1.8                  9    10   15897    0.531    0.806     0.820  0.0399,0.0004       0.388 / 0.508    [0,0] pos64=false
fx_7M_z0.9                  9    10    6755    0.297    0.415     0.451  0.0205,0.0036       0.229 / 0.334    [0,0] pos64=false
fx_9.9M_z1.8                9    10   14235    0.892    1.434     1.313  -0.0641,0.0284      0.623 / 1.152    [0,0] pos64=false
fx_7M_z2                    9    10   16347    0.031    0.062     0.063  -0.0013,-0.0015     0.025 / 0.043    [0,0] pos64=false
bullets_0_z1.8              4    10   90444    0.018    0.052     0.052  -0.0011,0.0006      0.014 / 0.052    [0,0]
bullets_7M_z1.8             4    10   90378    0.541    0.844     0.842  0.0409,-0.0047      0.390 / 0.517    [0,0]
bullets_7M_z0.9             4    10   36833    0.280    0.433     0.401  0.0198,0.0019       0.214 / 0.325    [0,0]
bullets_9.9M_z1.8           4    10   89069    0.913    1.473     1.289  -0.0662,0.0274      0.640 / 1.190    [0,0]
bullets_7M_z2               4    10   91123    0.030    0.041     0.041  -0.0003,0.0021      0.023 / 0.039    [0,0]
muzzle_0_z1.8               2   384   91136    3.143    5.573     9.206  -0.1197,0.0720      2.875 / 5.735    [0,0] vertexColors wył. w pomiarze
muzzle_7M_z1.8              2   384   91136    0.526    0.801     0.853  0.0382,-0.0048      0.393 / 0.540    [0,0] vertexColors wył. w pomiarze
muzzle_7M_z0.9              2   384   91136    0.297    0.439     0.392  0.0226,0.0018       0.214 / 0.350    [0,0] vertexColors wył. w pomiarze
muzzle_9.9M_z1.8            2   384   91136    0.899    1.461     1.281  -0.0662,0.0259      0.625 / 1.175    [0,0] vertexColors wył. w pomiarze
muzzle_7M_z2                2   384   91136    0.062    0.147     0.078  0.0014,0.0006       0.060 / 0.139    [0,0] vertexColors wył. w pomiarze
trails_0_z1.8               1    60   81821    0.221    0.343     0.368  -0.0115,-0.0114     0.164 / 0.279    [0,0]
trails_7M_z1.8              1    60   82942    0.889    1.588     1.857  0.0418,-0.0635      0.560 / 1.290    [0,0]
trails_7M_z0.9              1    60   49813    0.705    1.068     1.363  0.0061,-0.0500      0.536 / 0.839    [0,0]
trails_9.9M_z1.8            1    60   84182    1.090    2.521     2.793  -0.0625,-0.0212     0.910 / 2.136    [0,0]
trails_7M_z2                1    60   89358    0.890    1.412     1.351  0.0119,-0.0606      0.691 / 1.295    [0,0]
sparks_0_z1.8               1    48    2064    0.000    0.000     0.000  0.0000,0.0000       0.000 / 0.000    [0,0]
sparks_7M_z1.8              1    48    2078    0.643    0.970     0.783  0.0474,0.0219       0.433 / 0.645    [0,0]
sparks_7M_z0.9              1    48     965    0.310    0.536     0.538  0.0151,0.0190       0.218 / 0.401    [0,0]
sparks_9.9M_z1.8            1    48    2016    1.250    2.065     2.244  -0.0575,-0.0790     0.880 / 1.546    [0,0]
sparks_7M_z2                1    48    2168    0.750    1.228     1.015  0.0509,0.0166       0.570 / 0.948    [0,0]
   (iskry: /.tmp/precyzja/przed/sparkSystem3D.przed.js)
[31m(!) Failed to run dependency scan. Skipping dependency pre-bundling. Error: failed to resolve rollupOptions.input value: "AISPACE.html".
    at resolvePath (file:///C:/Users/Szymon/Documents/GitHub/statki/node_modules/vite/dist/node/chunks/config.js:31428:29)
    at async Promise.all (index 1)
    at async computeEntries (file:///C:/Users/Szymon/Documents/GitHub/statki/node_modules/vite/dist/node/chunks/config.js:31432:49)
    at async scan (file:///C:/Users/Szymon/Documents/GitHub/statki/node_modules/vite/dist/node/chunks/config.js:31367:19)
    at async file:///C:/Users/Szymon/Documents/GitHub/statki/node_modules/vite/dist/node/chunks/config.js:34110:15[39m

=== wariant po: /src/3d/fxParticles3D.js, /src/3d/bridgeFx3D.js, /src/3d/sceneOrigin.js, /.tmp/precyzja/pin/engineVfxSystem.head.js, /src/3d/weapon3DSystem.js, /src/3d/slugTrail3D.js, /src/3d/shipLights3D.js, /src/3d/hexBodyImpostorBatch.js, /src/3d/engineExhaustBatch.js
przypadek               siatki inst.   maska   RMS px   max px   skok px   dryf px/kl.       drżenie RMS / max   mesh.position
lights_0_z1.8               1    42     558    0.218    0.357     0.028  -0.0169,-0.0170     0.003 / 0.006    [-178.32,210.8]
lights_7M_z1.8              1    42     520    0.220    0.357     0.028  -0.0171,-0.0171     0.002 / 0.005    [7075060.45,-6289520.71]
lights_7M_z0.9              1    42     290    0.123    0.197     0.018  -0.0096,-0.0095     0.003 / 0.006    [7075137.21,-6289530.64]
lights_9.9M_z1.8            1    42     520    0.220    0.357     0.028  -0.0171,-0.0171     0.002 / 0.005    [9874706.98,-8289520.6]
lights_7M_z2                1    42     630    0.246    0.400     0.030  -0.0190,-0.0193     0.004 / 0.006    [7075060.45,-6289520.71]
windows_0_z1.8              1    18    2046    0.229    0.352     0.116  -0.0140,-0.0203     0.047 / 0.102    [-155.99,-0.47]
windows_7M_z1.8             1    18    2034    0.229    0.352     0.116  -0.0140,-0.0203     0.047 / 0.102    [7075082.78,-6289731.98]
windows_7M_z0.9             1    18     507    0.170    0.268     0.129  -0.0085,-0.0151     0.063 / 0.113    [7075082.78,-6289731.98]
windows_9.9M_z1.8           1    18    2034    0.229    0.352     0.116  -0.0140,-0.0203     0.047 / 0.102    [9874729.31,-8289731.87]
windows_7M_z2               1    18    1193    0.224    0.371     0.067  -0.0183,-0.0163     0.021 / 0.036    [7075082.78,-6289731.98]
exhaust_0_z1.8              4    16   72026    0.102    0.156     0.147  0.0012,-0.0074      0.076 / 0.131    [-281.69,86.73]
exhaust_7M_z1.8             4    16   73777    0.051    0.071     0.072  -0.0034,0.0012      0.040 / 0.068    [7074957.08,-6289644.78]
exhaust_7M_z0.9             4    16   31006    0.146    0.199     0.199  0.0058,0.0085       0.112 / 0.189    [7074957.08,-6289644.78]
exhaust_9.9M_z1.8           4    16   72113    0.031    0.043     0.045  -0.0003,0.0021      0.025 / 0.041    [9874603.61,-8289644.67]
exhaust_7M_z2               4    16   83199    0.093    0.128     0.129  -0.0066,0.0006      0.071 / 0.121    [7074941.29,-6289673.15]
impostor_0_z1.8             1     1   36198    0.139    0.535     0.535  0.0000,0.0003       0.139 / 0.535    [157.38,0.31]
impostor_7M_z1.8            1     1   36198    0.000    0.000     0.000  0.0000,0.0000       0.000 / 0.000    [7075396.14,-6289731.2]
impostor_7M_z0.9            1     1   25086    0.000    0.000     0.000  0.0000,0.0000       0.000 / 0.000    [7075396.14,-6289731.2]
impostor_9.9M_z1.8          1     1   36198    0.000    0.000     0.000  0.0000,0.0000       0.000 / 0.000    [9875042.68,-8289731.09]
impostor_7M_z2              1     1   36754    0.000    0.000     0.000  0.0000,0.0000       0.000 / 0.000    [7075396.14,-6289731.2]
fx_0_z1.8                   9    10   15692    0.003    0.005     0.004  -0.0002,0.0000      0.002 / 0.003    [30,20] pos64=true
fx_7M_z1.8                  9    10   13805    0.002    0.003     0.003  -0.0001,0.0002      0.002 / 0.003    [7075268.77,-6289711.51] pos64=true
fx_7M_z0.9                  9    10    3483    0.003    0.004     0.004  0.0002,0.0000       0.002 / 0.004    [7075268.77,-6289711.51] pos64=true
fx_9.9M_z1.8                9    10   15195    0.000    0.001     0.001  0.0000,0.0000       0.000 / 0.001    [9874915.3,-8289711.4] pos64=true
fx_7M_z2                    9    10   18364    0.005    0.007     0.007  -0.0001,0.0004      0.004 / 0.007    [7075268.77,-6289711.51] pos64=true
bullets_0_z1.8              4    10   90396    0.018    0.050     0.050  -0.0012,0.0005      0.014 / 0.050    [-40,-25]
bullets_7M_z1.8             4    10   90351    0.002    0.003     0.003  -0.0001,0.0002      0.002 / 0.003    [7075198.77,-6289756.51]
bullets_7M_z0.9             4    10   36312    0.014    0.020     0.020  -0.0002,-0.0010     0.011 / 0.018    [7075198.77,-6289756.51]
bullets_9.9M_z1.8           4    10   90280    0.005    0.007     0.007  0.0001,0.0003       0.004 / 0.007    [9874845.3,-8289756.4]
bullets_7M_z2               4    10   91124    0.080    0.109     0.109  -0.0028,0.0049      0.061 / 0.104    [7075198.77,-6289756.51]
muzzle_0_z1.8               2   384   91136    3.143    5.573     9.206  -0.1197,0.0720      2.875 / 5.735    [52,10] vertexColors wył. w pomiarze
muzzle_7M_z1.8              2   384   91136    0.029    0.050     0.034  -0.0001,-0.0022     0.020 / 0.050    [7075290.77,-6289721.51] vertexColors wył. w pomiarze
muzzle_7M_z0.9              2   384   91136    0.045    0.080     0.047  0.0027,-0.0002      0.037 / 0.062    [7075290.77,-6289721.51] vertexColors wył. w pomiarze
muzzle_9.9M_z1.8            2   384   91136    0.030    0.048     0.047  0.0012,-0.0004      0.027 / 0.052    [9874937.3,-8289721.4] vertexColors wył. w pomiarze
muzzle_7M_z2                2   384   91136    0.057    0.126     0.064  0.0006,0.0001       0.057 / 0.124    [7075290.77,-6289721.51] vertexColors wył. w pomiarze
trails_0_z1.8               1    60   82587    0.209    0.325     0.356  -0.0109,-0.0109     0.156 / 0.266    [0,0]
trails_7M_z1.8              1    60   82725    0.213    0.292     0.293  -0.0106,-0.0107     0.163 / 0.277    [7075238.77,-6289731.51]
trails_7M_z0.9              1    60   43802    0.113    0.155     0.155  -0.0057,-0.0056     0.087 / 0.147    [7075238.77,-6289731.51]
trails_9.9M_z1.8            1    60   82627    0.227    0.312     0.312  -0.0114,-0.0114     0.174 / 0.295    [9874885.3,-8289731.4]
trails_7M_z2                1    60   86209    0.051    0.071     0.071  -0.0025,-0.0025     0.039 / 0.067    [7075238.77,-6289731.51]
sparks_0_z1.8               1    48    2064    0.000    0.000     0.000  0.0000,0.0000       0.000 / 0.000    [30,-20]
sparks_7M_z1.8              1    48    2064    0.000    0.000     0.000  0.0000,0.0000       0.000 / 0.000    [7075238.77,6289731.51]
sparks_7M_z0.9              1    48     947    0.000    0.000     0.000  0.0000,0.0000       0.000 / 0.000    [7075238.77,6289731.51]
sparks_9.9M_z1.8            1    48    2064    0.000    0.000     0.000  0.0000,0.0000       0.000 / 0.000    [9874885.3,8289731.4]
sparks_7M_z2                1    48    2190    0.000    0.000     0.000  0.0000,0.0000       0.000 / 0.000    [7075238.77,6289731.51]
   (iskry: /src/3d/sparkSystem3D.js)

(px ekranu)             przesunięcie RMS / max          drżenie bez dryfu RMS / max
przypadek               przed            po               przed            po
lights_0_z1.8           0.201 / 0.362    0.218 / 0.357    0.054 / 0.073    0.003 / 0.006    
lights_7M_z1.8          1.060 / 1.785    0.220 / 0.357    0.645 / 1.274    0.002 / 0.005    
lights_7M_z0.9          0.508 / 0.866    0.123 / 0.197    0.309 / 0.541    0.003 / 0.006    
lights_9.9M_z1.8        1.195 / 1.901    0.220 / 0.357    0.903 / 1.312    0.002 / 0.005    
lights_7M_z2            1.012 / 1.693    0.246 / 0.400    0.530 / 0.934    0.004 / 0.006    
windows_0_z1.8          0.229 / 0.352    0.229 / 0.352    0.047 / 0.102    0.047 / 0.102    
windows_7M_z1.8         1.290 / 1.695    0.229 / 0.352    0.632 / 0.973    0.047 / 0.102    
windows_7M_z0.9         0.618 / 0.758    0.170 / 0.268    0.328 / 0.522    0.063 / 0.113    
windows_9.9M_z1.8       1.671 / 2.452    0.229 / 0.352    0.955 / 1.719    0.047 / 0.102    
windows_7M_z2           0.814 / 1.244    0.224 / 0.371    0.524 / 0.791    0.021 / 0.036    
exhaust_0_z1.8          0.092 / 0.247    0.102 / 0.156    0.081 / 0.243    0.076 / 0.131    
exhaust_7M_z1.8         0.959 / 1.379    0.051 / 0.071    0.573 / 1.315    0.040 / 0.068    
exhaust_7M_z0.9         0.412 / 0.732    0.146 / 0.199    0.241 / 0.385    0.112 / 0.189    
exhaust_9.9M_z1.8       1.234 / 2.043    0.031 / 0.043    1.069 / 1.601    0.025 / 0.041    
exhaust_7M_z2           0.613 / 1.030    0.093 / 0.128    0.570 / 0.914    0.071 / 0.121    
impostor_0_z1.8         0.139 / 0.535    0.139 / 0.535    0.139 / 0.535    0.139 / 0.535    
impostor_7M_z1.8        0.464 / 0.763    0.000 / 0.000    0.416 / 0.625    0.000 / 0.000    
impostor_7M_z0.9        0.322 / 0.551    0.000 / 0.000    0.219 / 0.329    0.000 / 0.000    
impostor_9.9M_z1.8      0.975 / 1.585    0.000 / 0.000    0.960 / 1.434    0.000 / 0.000    
impostor_7M_z2          0.788 / 1.208    0.000 / 0.000    0.583 / 0.953    0.000 / 0.000    
fx_0_z1.8               0.004 / 0.006    0.003 / 0.005    0.003 / 0.004    0.002 / 0.003    
fx_7M_z1.8              0.531 / 0.806    0.002 / 0.003    0.388 / 0.508    0.002 / 0.003    
fx_7M_z0.9              0.297 / 0.415    0.003 / 0.004    0.229 / 0.334    0.002 / 0.004    
fx_9.9M_z1.8            0.892 / 1.434    0.000 / 0.001    0.623 / 1.152    0.000 / 0.001    
fx_7M_z2                0.031 / 0.062    0.005 / 0.007    0.025 / 0.043    0.004 / 0.007    
bullets_0_z1.8          0.018 / 0.052    0.018 / 0.050    0.014 / 0.052    0.014 / 0.050    
bullets_7M_z1.8         0.541 / 0.844    0.002 / 0.003    0.390 / 0.517    0.002 / 0.003    
bullets_7M_z0.9         0.280 / 0.433    0.014 / 0.020    0.214 / 0.325    0.011 / 0.018    
bullets_9.9M_z1.8       0.913 / 1.473    0.005 / 0.007    0.640 / 1.190    0.004 / 0.007    
bullets_7M_z2           0.030 / 0.041    0.080 / 0.109    0.023 / 0.039    0.061 / 0.104    
muzzle_0_z1.8           3.143 / 5.573    3.143 / 5.573    2.875 / 5.735    2.875 / 5.735    
muzzle_7M_z1.8          0.526 / 0.801    0.029 / 0.050    0.393 / 0.540    0.020 / 0.050    
muzzle_7M_z0.9          0.297 / 0.439    0.045 / 0.080    0.214 / 0.350    0.037 / 0.062    
muzzle_9.9M_z1.8        0.899 / 1.461    0.030 / 0.048    0.625 / 1.175    0.027 / 0.052    
muzzle_7M_z2            0.062 / 0.147    0.057 / 0.126    0.060 / 0.139    0.057 / 0.124    
trails_0_z1.8           0.221 / 0.343    0.209 / 0.325    0.164 / 0.279    0.156 / 0.266    
trails_7M_z1.8          0.889 / 1.588    0.213 / 0.292    0.560 / 1.290    0.163 / 0.277    
trails_7M_z0.9          0.705 / 1.068    0.113 / 0.155    0.536 / 0.839    0.087 / 0.147    
trails_9.9M_z1.8        1.090 / 2.521    0.227 / 0.312    0.910 / 2.136    0.174 / 0.295    
trails_7M_z2            0.890 / 1.412    0.051 / 0.071    0.691 / 1.295    0.039 / 0.067    
sparks_0_z1.8           0.000 / 0.000    0.000 / 0.000    0.000 / 0.000    0.000 / 0.000    
sparks_7M_z1.8          0.643 / 0.970    0.000 / 0.000    0.433 / 0.645    0.000 / 0.000    
sparks_7M_z0.9          0.310 / 0.536    0.000 / 0.000    0.218 / 0.401    0.000 / 0.000    
sparks_9.9M_z1.8        1.250 / 2.065    0.000 / 0.000    0.880 / 1.546    0.000 / 0.000    
sparks_7M_z2            0.750 / 1.228    0.000 / 0.000    0.570 / 0.948    0.000 / 0.000    
logi błędów: 0 → C:\Users\Szymon\Documents\GitHub\statki\.tmp\precyzja\drzenie\drzenie.json
exit 0
