przypięte do HEAD (oba warianty): src/3d/engineVfxSystem.js
[31m(!) Failed to run dependency scan. Skipping dependency pre-bundling. Error: failed to resolve rollupOptions.input value: "AISPACE.html".
    at resolvePath (file:///C:/Users/Szymon/Documents/GitHub/statki/node_modules/vite/dist/node/chunks/config.js:31428:29)
    at async Promise.all (index 1)
    at async computeEntries (file:///C:/Users/Szymon/Documents/GitHub/statki/node_modules/vite/dist/node/chunks/config.js:31432:49)
    at async scan (file:///C:/Users/Szymon/Documents/GitHub/statki/node_modules/vite/dist/node/chunks/config.js:31367:19)
    at async file:///C:/Users/Szymon/Documents/GitHub/statki/node_modules/vite/dist/node/chunks/config.js:34110:15[39m

=== wariant przed: /.tmp/precyzja/przed/fxParticles3D.przed.js, /.tmp/precyzja/przed/bridgeFx3D.przed.js, /.tmp/precyzja/pin/engineVfxSystem.head.js, /.tmp/precyzja/przed/weapon3DSystem.przed.js, /.tmp/precyzja/przed/slugTrail3D.przed.js, /.tmp/precyzja/przed/shipLights3D.przed.js, /.tmp/precyzja/przed/hexBodyImpostorBatch.przed.js, /.tmp/precyzja/przed/engineExhaustBatch.przed.js
przypadek               siatki inst.   maska   RMS px   max px   skok px   dryf px/kl.       drżenie RMS / max   mesh.position
lights_0_z1.8               1    42    8127    0.222    0.361     0.037  -0.0173,-0.0171     0.010 / 0.023    [0,0]
lights_7M_z1.8              1    42    8047    1.163    1.869     1.303  -0.0204,-0.1018     0.680 / 1.308    [0,0]
lights_7M_z0.9              1    42    2233    0.504    0.884     0.638  -0.0357,-0.0241     0.317 / 0.535    [0,0]
lights_9.9M_z1.8            1    42    8049    1.190    1.844     1.643  -0.0263,-0.0805     0.907 / 1.304    [0,0]
lights_7M_z2                1    42    9892    0.998    1.648     1.038  -0.0507,-0.0775     0.535 / 0.908    [0,0]
windows_0_z1.8              1    18     842    0.223    0.352     0.103  -0.0140,-0.0196     0.043 / 0.096    [0,0]
windows_7M_z1.8             1    18     838    1.287    1.695     1.093  -0.1175,-0.0377     0.631 / 0.971    [0,0]
windows_7M_z0.9             1    18     482    0.618    0.758     0.579  -0.0554,-0.0159     0.328 / 0.522    [0,0]
windows_9.9M_z1.8           1    18     837    1.669    2.452     1.450  -0.1460,-0.0373     0.954 / 1.721    [0,0]
windows_7M_z2               1    18     890    0.820    1.250     1.014  -0.0693,-0.0001     0.524 / 0.787    [0,0]
exhaust_0_z1.8              4    16    2248    0.029    0.036     0.026  0.0005,0.0026       0.016 / 0.023    [0,0]
exhaust_7M_z1.8             4    16    2383    1.040    1.446     1.446  -0.0702,0.0618      0.598 / 1.372    [0,0]
exhaust_7M_z0.9             4    16     825    0.552    0.760     0.551  -0.0307,0.0425      0.278 / 0.513    [0,0]
exhaust_9.9M_z1.8           4    16    2229    1.217    1.922     2.272  0.0523,0.0472       1.035 / 1.710    [0,0]
exhaust_7M_z2               4    16    2498    0.601    0.922     1.009  0.0012,0.0260       0.552 / 0.867    [0,0]
impostor_0_z1.8             1     1   36198    0.139    0.535     0.535  0.0000,0.0003       0.139 / 0.535    [0,0]
impostor_7M_z1.8            1     1   36207    0.464    0.763     0.943  0.0007,0.0226       0.416 / 0.625    [0,0]
impostor_7M_z0.9            1     1   25092    0.322    0.551     0.575  0.0048,0.0255       0.219 / 0.329    [0,0]
impostor_9.9M_z1.8          1     1   36170    0.975    1.585     2.255  -0.0157,-0.0108     0.960 / 1.434    [0,0]
impostor_7M_z2              1     1   36788    0.788    1.208     1.255  0.0497,0.0303       0.583 / 0.953    [0,0]
fx_0_z1.8                   9    10    6923    0.002    0.003     0.003  -0.0001,0.0000      0.001 / 0.002    [0,0] pos64=false
fx_7M_z1.8                  9    10    6842    0.531    0.809     0.808  0.0409,0.0004       0.379 / 0.488    [0,0] pos64=false
fx_7M_z0.9                  9    10    2446    0.282    0.390     0.439  0.0195,0.0031       0.217 / 0.309    [0,0] pos64=false
fx_9.9M_z1.8                9    10    6867    0.913    1.444     1.325  -0.0662,0.0300      0.631 / 1.158    [0,0] pos64=false
fx_7M_z2                    9    10    8186    0.030    0.056     0.063  -0.0009,-0.0019     0.023 / 0.036    [0,0] pos64=false
bullets_0_z1.8              4    10    3977    0.002    0.004     0.004  -0.0001,0.0000      0.002 / 0.004    [0,0]
bullets_7M_z1.8             4    10    4039    0.533    0.799     0.840  0.0390,-0.0008      0.398 / 0.516    [0,0]
bullets_7M_z0.9             4    10    1465    0.291    0.416     0.426  0.0199,0.0031       0.227 / 0.340    [0,0]
bullets_9.9M_z1.8           4    10    4061    0.905    1.468     1.288  -0.0659,0.0285      0.627 / 1.184    [0,0]
bullets_7M_z2               4    10    4591    0.000    0.000     0.000  0.0000,0.0000       0.000 / 0.000    [0,0]
muzzle_0_z1.8               2   384    4196    0.001    0.003     0.003  0.0000,0.0000       0.001 / 0.003    [0,0] vertexColors wył. w pomiarze
muzzle_7M_z1.8              2   384    4198    0.546    0.818     0.825  0.0413,-0.0008      0.396 / 0.510    [0,0] vertexColors wył. w pomiarze
muzzle_7M_z0.9              2   384    1165    0.289    0.420     0.415  0.0203,0.0006       0.223 / 0.342    [0,0] vertexColors wył. w pomiarze
muzzle_9.9M_z1.8            2   384    4198    0.900    1.454     1.317  -0.0650,0.0285      0.627 / 1.173    [0,0] vertexColors wył. w pomiarze
muzzle_7M_z2                2   384    5132    0.000    0.000     0.000  0.0000,0.0000       0.000 / 0.000    [0,0] vertexColors wył. w pomiarze
trails_0_z1.8               1    60    7038    0.011    0.025     0.033  0.0006,0.0005       0.008 / 0.022    [0,0]
trails_7M_z1.8              1    60    6798    0.988    1.578     1.738  0.0457,-0.0751      0.580 / 1.226    [0,0]
trails_7M_z0.9              1    60    3263    0.439    0.780     0.741  0.0178,-0.0244      0.343 / 0.720    [0,0]
trails_9.9M_z1.8            1    60    7178    0.984    2.017     2.200  -0.0593,-0.0183     0.806 / 1.655    [0,0]
trails_7M_z2                1    60    7760    0.797    1.242     1.242  0.0300,-0.0377      0.666 / 1.194    [0,0]
sparks_0_z1.8               1    48    2064    0.000    0.000     0.000  0.0000,0.0000       0.000 / 0.000    [0,0]
sparks_7M_z1.8              1    48    2078    0.643    0.970     0.783  0.0474,0.0219       0.433 / 0.645    [0,0]
sparks_7M_z0.9              1    48     965    0.310    0.536     0.538  0.0151,0.0190       0.218 / 0.401    [0,0]
sparks_9.9M_z1.8            1    48    2016    1.250    2.065     2.244  -0.0575,-0.0790     0.880 / 1.546    [0,0]
sparks_7M_z2                1    48    2168    0.750    1.228     1.015  0.0509,0.0166       0.570 / 0.948    [0,0]
   (iskry: /.tmp/precyzja/przed/sparkSystem3D.przed.js)
[31m(!) Failed to run dependency scan. Skipping dependency pre-bundling. Error: failed to resolve rollupOptions.input value: "AISPACE.html".
    at resolvePath (file:///C:/Users/Szymon/Documents/GitHub/statki/node_modules/vite/dist/node/chunks/config.js:31428:29)
    at async Promise.all (index 1)
    at async computeEntries (file:///C:/Users/Szymon/Documents/GitHub/statki/node_modules/vite/dist/node/chunks/config.js:31432:49)
    at async scan (file:///C:/Users/Szymon/Documents/GitHub/statki/node_modules/vite/dist/node/chunks/config.js:31367:19)
    at async file:///C:/Users/Szymon/Documents/GitHub/statki/node_modules/vite/dist/node/chunks/config.js:34110:15[39m

=== wariant po: /src/3d/fxParticles3D.js, /src/3d/bridgeFx3D.js, /.tmp/precyzja/pin/engineVfxSystem.head.js, /src/3d/weapon3DSystem.js, /src/3d/slugTrail3D.js, /src/3d/shipLights3D.js, /src/3d/hexBodyImpostorBatch.js, /src/3d/sceneOrigin.js, /src/3d/engineExhaustBatch.js
przypadek               siatki inst.   maska   RMS px   max px   skok px   dryf px/kl.       drżenie RMS / max   mesh.position
lights_0_z1.8               1    42    4394    0.219    0.359     0.031  -0.0170,-0.0170     0.003 / 0.007    [-178.32,210.8]
lights_7M_z1.8              1    42    4324    0.220    0.360     0.026  -0.0171,-0.0171     0.002 / 0.004    [7075060.45,-6289520.71]
lights_7M_z0.9              1    42    1324    0.121    0.195     0.016  -0.0094,-0.0095     0.003 / 0.005    [7075137.21,-6289530.64]
lights_9.9M_z1.8            1    42    4324    0.220    0.360     0.026  -0.0171,-0.0171     0.002 / 0.004    [9874706.98,-8289520.6]
lights_7M_z2                1    42    5295    0.243    0.397     0.029  -0.0189,-0.0188     0.002 / 0.003    [7075060.45,-6289520.71]
windows_0_z1.8              1    18     842    0.223    0.352     0.103  -0.0140,-0.0196     0.043 / 0.096    [-155.99,-0.47]
windows_7M_z1.8             1    18     842    0.223    0.352     0.103  -0.0140,-0.0196     0.043 / 0.096    [7075082.78,-6289731.98]
windows_7M_z0.9             1    18     507    0.170    0.268     0.129  -0.0085,-0.0151     0.063 / 0.113    [7075082.78,-6289731.98]
windows_9.9M_z1.8           1    18     842    0.223    0.352     0.103  -0.0140,-0.0196     0.043 / 0.096    [9874729.31,-8289731.87]
windows_7M_z2               1    18     925    0.223    0.372     0.064  -0.0182,-0.0162     0.023 / 0.032    [7075082.78,-6289731.98]
exhaust_0_z1.8              4    16    2356    0.020    0.025     0.023  0.0004,0.0018       0.012 / 0.021    [-281.69,86.73]
exhaust_7M_z1.8             4    16    2234    0.000    0.000     0.000  0.0000,0.0000       0.000 / 0.000    [7074957.08,-6289644.78]
exhaust_7M_z0.9             4    16     765    0.000    0.000     0.000  0.0000,0.0000       0.000 / 0.000    [7074957.08,-6289644.78]
exhaust_9.9M_z1.8           4    16    2216    0.000    0.000     0.000  0.0000,0.0000       0.000 / 0.000    [9874603.61,-8289644.67]
exhaust_7M_z2               4    16    2406    0.000    0.000     0.000  0.0000,0.0000       0.000 / 0.000    [7074941.29,-6289673.15]
impostor_0_z1.8             1     1   36198    0.139    0.535     0.535  0.0000,0.0003       0.139 / 0.535    [157.38,0.31]
impostor_7M_z1.8            1     1   36198    0.000    0.000     0.000  0.0000,0.0000       0.000 / 0.000    [7075396.14,-6289731.2]
impostor_7M_z0.9            1     1   25086    0.000    0.000     0.000  0.0000,0.0000       0.000 / 0.000    [7075396.14,-6289731.2]
impostor_9.9M_z1.8          1     1   36198    0.000    0.000     0.000  0.0000,0.0000       0.000 / 0.000    [9875042.68,-8289731.09]
impostor_7M_z2              1     1   36754    0.000    0.000     0.000  0.0000,0.0000       0.000 / 0.000    [7075396.14,-6289731.2]
fx_0_z1.8                   9    10    6954    0.001    0.003     0.003  -0.0001,0.0000      0.001 / 0.002    [30,20] pos64=true
fx_7M_z1.8                  9    10    6917    0.000    0.000     0.000  0.0000,0.0000       0.000 / 0.000    [7075268.77,-6289711.51] pos64=true
fx_7M_z0.9                  9    10    2409    0.000    0.000     0.000  0.0000,0.0000       0.000 / 0.000    [7075268.77,-6289711.51] pos64=true
fx_9.9M_z1.8                9    10    6906    0.000    0.000     0.000  0.0000,0.0000       0.000 / 0.000    [9874915.3,-8289711.4] pos64=true
fx_7M_z2                    9    10    8190    0.000    0.000     0.000  0.0000,0.0000       0.000 / 0.000    [7075268.77,-6289711.51] pos64=true
bullets_0_z1.8              4    10    3980    0.002    0.004     0.004  -0.0001,0.0000      0.002 / 0.004    [-40,-25]
bullets_7M_z1.8             4    10    3997    0.000    0.000     0.000  0.0000,0.0000       0.000 / 0.000    [7075198.77,-6289756.51]
bullets_7M_z0.9             4    10    1461    0.000    0.000     0.000  0.0000,0.0000       0.000 / 0.000    [7075198.77,-6289756.51]
bullets_9.9M_z1.8           4    10    3976    0.000    0.000     0.000  0.0000,0.0000       0.000 / 0.000    [9874845.3,-8289756.4]
bullets_7M_z2               4    10    4566    0.000    0.000     0.000  0.0000,0.0000       0.000 / 0.000    [7075198.77,-6289756.51]
muzzle_0_z1.8               2   384    4196    0.001    0.003     0.003  0.0000,0.0000       0.001 / 0.003    [52,10] vertexColors wył. w pomiarze
muzzle_7M_z1.8              2   384    4196    0.000    0.000     0.000  0.0000,0.0000       0.000 / 0.000    [7075290.77,-6289721.51] vertexColors wył. w pomiarze
muzzle_7M_z0.9              2   384    1165    0.000    0.000     0.000  0.0000,0.0000       0.000 / 0.000    [7075290.77,-6289721.51] vertexColors wył. w pomiarze
muzzle_9.9M_z1.8            2   384    4196    0.000    0.000     0.000  0.0000,0.0000       0.000 / 0.000    [9874937.3,-8289721.4] vertexColors wył. w pomiarze
muzzle_7M_z2                2   384    5128    0.000    0.000     0.000  0.0000,0.0000       0.000 / 0.000    [7075290.77,-6289721.51] vertexColors wył. w pomiarze
trails_0_z1.8               1    60    7041    0.011    0.023     0.032  0.0006,0.0005       0.008 / 0.020    [0,0]
trails_7M_z1.8              1    60    7028    0.000    0.000     0.000  0.0000,0.0000       0.000 / 0.000    [7075238.77,-6289731.51]
trails_7M_z0.9              1    60    3248    0.000    0.000     0.000  0.0000,0.0000       0.000 / 0.000    [7075238.77,-6289731.51]
trails_9.9M_z1.8            1    60    7025    0.000    0.000     0.000  0.0000,0.0000       0.000 / 0.000    [9874885.3,-8289731.4]
trails_7M_z2                1    60    7983    0.000    0.000     0.000  0.0000,0.0000       0.000 / 0.000    [7075238.77,-6289731.51]
sparks_0_z1.8               1    48    2064    0.000    0.000     0.000  0.0000,0.0000       0.000 / 0.000    [30,-20]
sparks_7M_z1.8              1    48    2064    0.000    0.000     0.000  0.0000,0.0000       0.000 / 0.000    [7075238.77,6289731.51]
sparks_7M_z0.9              1    48     947    0.000    0.000     0.000  0.0000,0.0000       0.000 / 0.000    [7075238.77,6289731.51]
sparks_9.9M_z1.8            1    48    2064    0.000    0.000     0.000  0.0000,0.0000       0.000 / 0.000    [9874885.3,8289731.4]
sparks_7M_z2                1    48    2190    0.000    0.000     0.000  0.0000,0.0000       0.000 / 0.000    [7075238.77,6289731.51]
   (iskry: /src/3d/sparkSystem3D.js)

(px ekranu)             przesunięcie RMS / max          drżenie bez dryfu RMS / max
przypadek               przed            po               przed            po
lights_0_z1.8           0.222 / 0.361    0.219 / 0.359    0.010 / 0.023    0.003 / 0.007    
lights_7M_z1.8          1.163 / 1.869    0.220 / 0.360    0.680 / 1.308    0.002 / 0.004    
lights_7M_z0.9          0.504 / 0.884    0.121 / 0.195    0.317 / 0.535    0.003 / 0.005    
lights_9.9M_z1.8        1.190 / 1.844    0.220 / 0.360    0.907 / 1.304    0.002 / 0.004    
lights_7M_z2            0.998 / 1.648    0.243 / 0.397    0.535 / 0.908    0.002 / 0.003    
windows_0_z1.8          0.223 / 0.352    0.223 / 0.352    0.043 / 0.096    0.043 / 0.096    
windows_7M_z1.8         1.287 / 1.695    0.223 / 0.352    0.631 / 0.971    0.043 / 0.096    
windows_7M_z0.9         0.618 / 0.758    0.170 / 0.268    0.328 / 0.522    0.063 / 0.113    
windows_9.9M_z1.8       1.669 / 2.452    0.223 / 0.352    0.954 / 1.721    0.043 / 0.096    
windows_7M_z2           0.820 / 1.250    0.223 / 0.372    0.524 / 0.787    0.023 / 0.032    
exhaust_0_z1.8          0.029 / 0.036    0.020 / 0.025    0.016 / 0.023    0.012 / 0.021    
exhaust_7M_z1.8         1.040 / 1.446    0.000 / 0.000    0.598 / 1.372    0.000 / 0.000    
exhaust_7M_z0.9         0.552 / 0.760    0.000 / 0.000    0.278 / 0.513    0.000 / 0.000    
exhaust_9.9M_z1.8       1.217 / 1.922    0.000 / 0.000    1.035 / 1.710    0.000 / 0.000    
exhaust_7M_z2           0.601 / 0.922    0.000 / 0.000    0.552 / 0.867    0.000 / 0.000    
impostor_0_z1.8         0.139 / 0.535    0.139 / 0.535    0.139 / 0.535    0.139 / 0.535    
impostor_7M_z1.8        0.464 / 0.763    0.000 / 0.000    0.416 / 0.625    0.000 / 0.000    
impostor_7M_z0.9        0.322 / 0.551    0.000 / 0.000    0.219 / 0.329    0.000 / 0.000    
impostor_9.9M_z1.8      0.975 / 1.585    0.000 / 0.000    0.960 / 1.434    0.000 / 0.000    
impostor_7M_z2          0.788 / 1.208    0.000 / 0.000    0.583 / 0.953    0.000 / 0.000    
fx_0_z1.8               0.002 / 0.003    0.001 / 0.003    0.001 / 0.002    0.001 / 0.002    
fx_7M_z1.8              0.531 / 0.809    0.000 / 0.000    0.379 / 0.488    0.000 / 0.000    
fx_7M_z0.9              0.282 / 0.390    0.000 / 0.000    0.217 / 0.309    0.000 / 0.000    
fx_9.9M_z1.8            0.913 / 1.444    0.000 / 0.000    0.631 / 1.158    0.000 / 0.000    
fx_7M_z2                0.030 / 0.056    0.000 / 0.000    0.023 / 0.036    0.000 / 0.000    
bullets_0_z1.8          0.002 / 0.004    0.002 / 0.004    0.002 / 0.004    0.002 / 0.004    
bullets_7M_z1.8         0.533 / 0.799    0.000 / 0.000    0.398 / 0.516    0.000 / 0.000    
bullets_7M_z0.9         0.291 / 0.416    0.000 / 0.000    0.227 / 0.340    0.000 / 0.000    
bullets_9.9M_z1.8       0.905 / 1.468    0.000 / 0.000    0.627 / 1.184    0.000 / 0.000    
bullets_7M_z2           0.000 / 0.000    0.000 / 0.000    0.000 / 0.000    0.000 / 0.000    
muzzle_0_z1.8           0.001 / 0.003    0.001 / 0.003    0.001 / 0.003    0.001 / 0.003    
muzzle_7M_z1.8          0.546 / 0.818    0.000 / 0.000    0.396 / 0.510    0.000 / 0.000    
muzzle_7M_z0.9          0.289 / 0.420    0.000 / 0.000    0.223 / 0.342    0.000 / 0.000    
muzzle_9.9M_z1.8        0.900 / 1.454    0.000 / 0.000    0.627 / 1.173    0.000 / 0.000    
muzzle_7M_z2            0.000 / 0.000    0.000 / 0.000    0.000 / 0.000    0.000 / 0.000    
trails_0_z1.8           0.011 / 0.025    0.011 / 0.023    0.008 / 0.022    0.008 / 0.020    
trails_7M_z1.8          0.988 / 1.578    0.000 / 0.000    0.580 / 1.226    0.000 / 0.000    
trails_7M_z0.9          0.439 / 0.780    0.000 / 0.000    0.343 / 0.720    0.000 / 0.000    
trails_9.9M_z1.8        0.984 / 2.017    0.000 / 0.000    0.806 / 1.655    0.000 / 0.000    
trails_7M_z2            0.797 / 1.242    0.000 / 0.000    0.666 / 1.194    0.000 / 0.000    
sparks_0_z1.8           0.000 / 0.000    0.000 / 0.000    0.000 / 0.000    0.000 / 0.000    
sparks_7M_z1.8          0.643 / 0.970    0.000 / 0.000    0.433 / 0.645    0.000 / 0.000    
sparks_7M_z0.9          0.310 / 0.536    0.000 / 0.000    0.218 / 0.401    0.000 / 0.000    
sparks_9.9M_z1.8        1.250 / 2.065    0.000 / 0.000    0.880 / 1.546    0.000 / 0.000    
sparks_7M_z2            0.750 / 1.228    0.000 / 0.000    0.570 / 0.948    0.000 / 0.000    
logi błędów: 0 → C:\Users\Szymon\Documents\GitHub\statki\.tmp\precyzja\drzenie\drzenie.json
exit 0
